Archive member included to satisfy reference by file (symbol)

d:/micro controller lab/tool/stm32cubeide/stm32cubeide_1.7.0/stm32cubeide/plugins/com.st.stm32cube.ide.mcu.externaltools.gnu-tools-for-stm32.9-2020-q2-update.win32_2.0.0.202105311346/tools/bin/../lib/gcc/arm-none-eabi/9.3.1/../../../../arm-none-eabi/lib/thumb/v7-m/nofp\libc_nano.a(lib_a-errno.o)
                              ./Core/Src/syscalls.o (__errno)
d:/micro controller lab/tool/stm32cubeide/stm32cubeide_1.7.0/stm32cubeide/plugins/com.st.stm32cube.ide.mcu.externaltools.gnu-tools-for-stm32.9-2020-q2-update.win32_2.0.0.202105311346/tools/bin/../lib/gcc/arm-none-eabi/9.3.1/../../../../arm-none-eabi/lib/thumb/v7-m/nofp\libc_nano.a(lib_a-exit.o)
                              d:/micro controller lab/tool/stm32cubeide/stm32cubeide_1.7.0/stm32cubeide/plugins/com.st.stm32cube.ide.mcu.externaltools.gnu-tools-for-stm32.9-2020-q2-update.win32_2.0.0.202105311346/tools/bin/../lib/gcc/arm-none-eabi/9.3.1/../../../../arm-none-eabi/lib/thumb/v7-m/nofp/crt0.o (exit)
d:/micro controller lab/tool/stm32cubeide/stm32cubeide_1.7.0/stm32cubeide/plugins/com.st.stm32cube.ide.mcu.externaltools.gnu-tools-for-stm32.9-2020-q2-update.win32_2.0.0.202105311346/tools/bin/../lib/gcc/arm-none-eabi/9.3.1/../../../../arm-none-eabi/lib/thumb/v7-m/nofp\libc_nano.a(lib_a-impure.o)
                              d:/micro controller lab/tool/stm32cubeide/stm32cubeide_1.7.0/stm32cubeide/plugins/com.st.stm32cube.ide.mcu.externaltools.gnu-tools-for-stm32.9-2020-q2-update.win32_2.0.0.202105311346/tools/bin/../lib/gcc/arm-none-eabi/9.3.1/../../../../arm-none-eabi/lib/thumb/v7-m/nofp\libc_nano.a(lib_a-exit.o) (_global_impure_ptr)
d:/micro controller lab/tool/stm32cubeide/stm32cubeide_1.7.0/stm32cubeide/plugins/com.st.stm32cube.ide.mcu.externaltools.gnu-tools-for-stm32.9-2020-q2-update.win32_2.0.0.202105311346/tools/bin/../lib/gcc/arm-none-eabi/9.3.1/../../../../arm-none-eabi/lib/thumb/v7-m/nofp\libc_nano.a(lib_a-init.o)
                              d:/micro controller lab/tool/stm32cubeide/stm32cubeide_1.7.0/stm32cubeide/plugins/com.st.stm32cube.ide.mcu.externaltools.gnu-tools-for-stm32.9-2020-q2-update.win32_2.0.0.202105311346/tools/bin/../lib/gcc/arm-none-eabi/9.3.1/../../../../arm-none-eabi/lib/thumb/v7-m/nofp/crt0.o (__libc_init_array)
d:/micro controller lab/tool/stm32cubeide/stm32cubeide_1.7.0/stm32cubeide/plugins/com.st.stm32cube.ide.mcu.externaltools.gnu-tools-for-stm32.9-2020-q2-update.win32_2.0.0.202105311346/tools/bin/../lib/gcc/arm-none-eabi/9.3.1/../../../../arm-none-eabi/lib/thumb/v7-m/nofp\libc_nano.a(lib_a-memset.o)
                              d:/micro controller lab/tool/stm32cubeide/stm32cubeide_1.7.0/stm32cubeide/plugins/com.st.stm32cube.ide.mcu.externaltools.gnu-tools-for-stm32.9-2020-q2-update.win32_2.0.0.202105311346/tools/bin/../lib/gcc/arm-none-eabi/9.3.1/../../../../arm-none-eabi/lib/thumb/v7-m/nofp/crt0.o (memset)

Allocating common symbols
Common symbol       size              file

uwTick              0x4               ./Drivers/STM32F1xx_HAL_Driver/Src/stm32f1xx_hal.o
pFlash              0x20              ./Drivers/STM32F1xx_HAL_Driver/Src/stm32f1xx_hal_flash.o
htim3               0x48              ./Core/Src/main.o
htim2               0x48              ./Core/Src/main.o
huart2              0x44              ./Core/Src/main.o

Discarded input sections

 .text          0x0000000000000000        0x0 d:/micro controller lab/tool/stm32cubeide/stm32cubeide_1.7.0/stm32cubeide/plugins/com.st.stm32cube.ide.mcu.externaltools.gnu-tools-for-stm32.9-2020-q2-update.win32_2.0.0.202105311346/tools/bin/../lib/gcc/arm-none-eabi/9.3.1/thumb/v7-m/nofp/crti.o
 .data          0x0000000000000000        0x0 d:/micro controller lab/tool/stm32cubeide/stm32cubeide_1.7.0/stm32cubeide/plugins/com.st.stm32cube.ide.mcu.externaltools.gnu-tools-for-stm32.9-2020-q2-update.win32_2.0.0.202105311346/tools/bin/../lib/gcc/arm-none-eabi/9.3.1/thumb/v7-m/nofp/crti.o
 .bss           0x0000000000000000        0x0 d:/micro controller lab/tool/stm32cubeide/stm32cubeide_1.7.0/stm32cubeide/plugins/com.st.stm32cube.ide.mcu.externaltools.gnu-tools-for-stm32.9-2020-q2-update.win32_2.0.0.202105311346/tools/bin/../lib/gcc/arm-none-eabi/9.3.1/thumb/v7-m/nofp/crti.o
 .data          0x0000000000000000        0x4 d:/micro controller lab/tool/stm32cubeide/stm32cubeide_1.7.0/stm32cubeide/plugins/com.st.stm32cube.ide.mcu.externaltools.gnu-tools-for-stm32.9-2020-q2-update.win32_2.0.0.202105311346/tools/bin/../lib/gcc/arm-none-eabi/9.3.1/thumb/v7-m/nofp/crtbegin.o
 .text          0x0000000000000000       0x7c d:/micro controller lab/tool/stm32cubeide/stm32cubeide_1.7.0/stm32cubeide/plugins/com.st.stm32cube.ide.mcu.externaltools.gnu-tools-for-stm32.9-2020-q2-update.win32_2.0.0.202105311346/tools/bin/../lib/gcc/arm-none-eabi/9.3.1/../../../../arm-none-eabi/lib/thumb/v7-m/nofp/crt0.o
[...]
Memory Configuration

Name             Origin             Length             Attributes
RAM              0x0000000020000000 0x0000000000005000 xrw
FLASH            0x0000000008000000 0x0000000000020000 xr
*default*        0x0000000000000000 0xffffffffffffffff

Linker script and memory map

LOAD d:/micro controller lab/tool/stm32cubeide/stm32cubeide_1.7.0/stm32cubeide/plugins/com.st.stm32cube.ide.mcu.externaltools.gnu-tools-for-stm32.9-2020-q2-update.win32_2.0.0.202105311346/tools/bin/../lib/gcc/arm-none-eabi/9.3.1/thumb/v7-m/nofp/crti.o
LOAD d:/micro controller lab/tool/stm32cubeide/stm32cubeide_1.7.0/stm32cubeide/plugins/com.st.stm32cube.ide.mcu.externaltools.gnu-tools-for-stm32.9-2020-q2-update.win32_2.0.0.202105311346/tools/bin/../lib/gcc/arm-none-eabi/9.3.1/thumb/v7-m/nofp/crtbegin.o
LOAD d:/micro controller lab/tool/stm32cubeide/stm32cubeide_1.7.0/stm32cubeide/plugins/com.st.stm32cube.ide.mcu.externaltools.gnu-tools-for-stm32.9-2020-q2-update.win32_2.0.0.202105311346/tools/bin/../lib/gcc/arm-none-eabi/9.3.1/../../../../arm-none-eabi/lib/thumb/v7-m/nofp/crt0.o
LOAD ./Core/Src/button_reading.o
LOAD ./Core/Src/display_traffic_light.o
LOAD ./Core/Src/fsm_pedestrian.o
LOAD ./Core/Src/fsm_traffic_light.o
LOAD ./Core/Src/global.o
LOAD ./Core/Src/main.o
LOAD ./Core/Src/stm32f1xx_hal_msp.o
LOAD ./Core/Src/stm32f1xx_it.o
LOAD ./Core/Src/syscalls.o
LOAD ./Core/Src/sysmem.o
LOAD ./Core/Src/system_stm32f1xx.o
LOAD ./Core/Src/timer.o
LOAD ./Core/Startup/startup_stm32f103rbtx.o
LOAD ./Drivers/STM32F1xx_HAL_Driver/Src/stm32f1xx_hal.o
LOAD ./Drivers/STM32F1xx_HAL_Driver/Src/stm32f1xx_hal_cortex.o
LOAD ./Drivers/STM32F1xx_HAL_Driver/Src/stm32f1xx_hal_dma.o
LOAD ./Drivers/STM32F1xx_HAL_Driver/Src/stm32f1xx_hal_exti.o
LOAD ./Drivers/STM32F1xx_HAL_Driver/Src/stm32f1xx_hal_flash.o
LOAD ./Drivers/STM32F1xx_HAL_Driver/Src/stm32f1xx_hal_flash_ex.o
LOAD ./Drivers/STM32F1xx_HAL_Driver/Src/stm32f1xx_hal_gpio.o
LOAD ./Drivers/STM32F1xx_HAL_Driver/Src/stm32f1xx_hal_gpio_ex.o
LOAD ./Drivers/STM32F1xx_HAL_Driver/Src/stm32f1xx_hal_pwr.o
LOAD ./Drivers/STM32F1xx_HAL_Driver/Src/stm32f1xx_hal_rcc.o
LOAD ./Drivers/STM32F1xx_HAL_Driver/Src/stm32f1xx_hal_rcc_ex.o
LOAD ./Drivers/STM32F1xx_HAL_Driver/Src/stm32f1xx_hal_tim.o
LOAD ./Drivers/STM32F1xx_HAL_Driver/Src/stm32f1xx_hal_tim_ex.o
LOAD ./Drivers/STM32F1xx_HAL_Driver/Src/stm32f1xx_hal_uart.o
START GROUP
LOAD d:/micro controller lab/tool/stm32cubeide/stm32cubeide_1.7.0/stm32cubeide/plugins/com.st.stm32cube.ide.mcu.externaltools.gnu-tools-for-stm32.9-2020-q2-update.win32_2.0.0.202105311346/tools/bin/../lib/gcc/arm-none-eabi/9.3.1/../../../../arm-none-eabi/lib/thumb/v7-m/nofp\libc_nano.a
LOAD d:/micro controller lab/tool/stm32cubeide/stm32cubeide_1.7.0/stm32cubeide/plugins/com.st.stm32cube.ide.mcu.externaltools.gnu-tools-for-stm32.9-2020-q2-update.win32_2.0.0.202105311346/tools/bin/../lib/gcc/arm-none-eabi/9.3.1/../../../../arm-none-eabi/lib/thumb/v7-m/nofp\libm.a
END GROUP
START GROUP
LOAD d:/micro controller lab/tool/stm32cubeide/stm32cubeide_1.7.0/stm32cubeide/plugins/com.st.stm32cube.ide.mcu.externaltools.gnu-tools-for-stm32.9-2020-q2-update.win32_2.0.0.202105311346/tools/bin/../lib/gcc/arm-none-eabi/9.3.1/thumb/v7-m/nofp\libgcc.a
LOAD d:/micro controller lab/tool/stm32cubeide/stm32cubeide_1.7.0/stm32cubeide/plugins/com.st.stm32cube.ide.mcu.externaltools.gnu-tools-for-stm32.9-2020-q2-update.win32_2.0.0.202105311346/tools/bin/../lib/gcc/arm-none-eabi/9.3.1/../../../../arm-none-eabi/lib/thumb/v7-m/nofp\libc_nano.a
END GROUP
START GROUP
LOAD d:/micro controller lab/tool/stm32cubeide/stm32cubeide_1.7.0/stm32cubeide/plugins/com.st.stm32cube.ide.mcu.externaltools.gnu-tools-for-stm32.9-2020-q2-update.win32_2.0.0.202105311346/tools/bin/../lib/gcc/arm-none-eabi/9.3.1/thumb/v7-m/nofp\libgcc.a
LOAD d:/micro controller lab/tool/stm32cubeide/stm32cubeide_1.7.0/stm32cubeide/plugins/com.st.stm32cube.ide.mcu.externaltools.gnu-tools-for-stm32.9-2020-q2-update.win32_2.0.0.202105311346/tools/bin/../lib/gcc/arm-none-eabi/9.3.1/../../../../arm-none-eabi/lib/thumb/v7-m/nofp\libc_nano.a
LOAD d:/micro controller lab/tool/stm32cubeide/stm32cubeide_1.7.0/stm32cubeide/plugins/com.st.stm32cube.ide.mcu.externaltools.gnu-tools-for-stm32.9-2020-q2-update.win32_2.0.0.202105311346/tools/bin/../lib/gcc/arm-none-eabi/9.3.1/../../../../arm-none-eabi/lib/thumb/v7-m/nofp\libnosys.a
END GROUP
START GROUP
LOAD d:/micro controller lab/tool/stm32cubeide/stm32cubeide_1.7.0/stm32cubeide/plugins/com.st.stm32cube.ide.mcu.externaltools.gnu-tools-for-stm32.9-2020-q2-update.win32_2.0.0.202105311346/tools/bin/../lib/gcc/arm-none-eabi/9.3.1/thumb/v7-m/nofp\libgcc.a
LOAD d:/micro controller lab/tool/stm32cubeide/stm32cubeide_1.7.0/stm32cubeide/plugins/com.st.stm32cube.ide.mcu.externaltools.gnu-tools-for-stm32.9-2020-q2-update.win32_2.0.0.202105311346/tools/bin/../lib/gcc/arm-none-eabi/9.3.1/../../../../arm-none-eabi/lib/thumb/v7-m/nofp\libc_nano.a
LOAD d:/micro controller lab/tool/stm32cubeide/stm32cubeide_1.7.0/stm32cubeide/plugins/com.st.stm32cube.ide.mcu.externaltools.gnu-tools-for-stm32.9-2020-q2-update.win32_2.0.0.202105311346/tools/bin/../lib/gcc/arm-none-eabi/9.3.1/../../../../arm-none-eabi/lib/thumb/v7-m/nofp\libnosys.a
END GROUP
LOAD d:/micro controller lab/tool/stm32cubeide/stm32cubeide_1.7.0/stm32cubeide/plugins/com.st.stm32cube.ide.mcu.externaltools.gnu-tools-for-stm32.9-2020-q2-update.win32_2.0.0.202105311346/tools/bin/../lib/gcc/arm-none-eabi/9.3.1/thumb/v7-m/nofp/crtend.o
LOAD d:/micro controller lab/tool/stm32cubeide/stm32cubeide_1.7.0/stm32cubeide/plugins/com.st.stm32cube.ide.mcu.externaltools.gnu-tools-for-stm32.9-2020-q2-update.win32_2.0.0.202105311346/tools/bin/../lib/gcc/arm-none-eabi/9.3.1/thumb/v7-m/nofp/crtn.o
                0x0000000020005000                _estack = (ORIGIN (RAM) + LENGTH (RAM))
                0x0000000000000200                _Min_Heap_Size = 0x200
                0x0000000000000400                _Min_Stack_Size = 0x400

.isr_vector     0x0000000008000000      0x10c
                0x0000000008000000                . = ALIGN (0x4)
 *(.isr_vector)
 .isr_vector    0x0000000008000000      0x10c ./Core/Startup/startup_stm32f103rbtx.o
                0x0000000008000000                g_pfnVectors
                0x000000000800010c                . = ALIGN (0x4)

.text           0x000000000800010c     0x3a84
                0x000000000800010c                . = ALIGN (0x4)
 *(.text)
 .text          0x000000000800010c       0x40 d:/micro controller lab/tool/stm32cubeide/stm32cubeide_1.7.0/stm32cubeide/plugins/com.st.stm32cube.ide.mcu.externaltools.gnu-tools-for-stm32.9-2020-q2-update.win32_2.0.0.202105311346/tools/bin/../lib/gcc/arm-none-eabi/9.3.1/thumb/v7-m/nofp/crtbegin.o
 *(.text*)
 .text.button_reading
                0x000000000800014c      0x16c ./Core/Src/button_reading.o
                0x000000000800014c                button_reading
 .text.display_traffic_light
                0x00000000080002b8       0xd4 ./Core/Src/display_traffic_light.o
                0x00000000080002b8                display_traffic_light
 .text.FSM_Pedestrian
                0x000000000800038c       0xe8 ./Core/Src/fsm_pedestrian.o
                0x000000000800038c                FSM_Pedestrian
 .text.resetAllButtonState
                0x0000000008000474       0x34 ./Core/Src/fsm_traffic_light.o
                0x0000000008000474                resetAllButtonState
 .text.changeTime
                0x00000000080004a8       0x28 ./Core/Src/fsm_traffic_light.o
                0x00000000080004a8                changeTime
 .text.FSM_Traffic_Light_Row
                0x00000000080004d0      0x348 ./Core/Src/fsm_traffic_light.o
                0x00000000080004d0                FSM_Traffic_Light_Row
 .text.FSM_Traffic_Light_Col
                0x0000000008000818      0x11c ./Core/Src/fsm_traffic_light.o
                0x0000000008000818                FSM_Traffic_Light_Col
 .text.HAL_UART_RxCpltCallback
                0x0000000008000934       0x3c ./Core/Src/main.o
                0x0000000008000934                HAL_UART_RxCpltCallback
 .text.FSM_Buzzer
                0x0000000008000970      0x10c ./Core/Src/main.o
                0x0000000008000970                FSM_Buzzer
 .text.main     0x0000000008000a7c       0x54 ./Core/Src/main.o
                0x0000000008000a7c                main
 .text.SystemClock_Config
                0x0000000008000ad0       0x76 ./Core/Src/main.o
                0x0000000008000ad0                SystemClock_Config
 *fill*         0x0000000008000b46        0x2 
 .text.MX_TIM2_Init
                0x0000000008000b48       0x98 ./Core/Src/main.o
 .text.MX_TIM3_Init
                0x0000000008000be0       0xec ./Core/Src/main.o
 .text.MX_USART2_UART_Init
                0x0000000008000ccc       0x54 ./Core/Src/main.o
 .text.MX_GPIO_Init
                0x0000000008000d20       0xdc ./Core/Src/main.o
 .text.HAL_TIM_PeriodElapsedCallback
                0x0000000008000dfc       0x18 ./Core/Src/main.o
                0x0000000008000dfc                HAL_TIM_PeriodElapsedCallback
 .text.Error_Handler
                0x0000000008000e14        0xa ./Core/Src/main.o
                0x0000000008000e14                Error_Handler
 *fill*         0x0000000008000e1e        0x2 
 .text.HAL_MspInit
                0x0000000008000e20       0x64 ./Core/Src/stm32f1xx_hal_msp.o
                0x0000000008000e20                HAL_MspInit
 .text.HAL_TIM_Base_MspInit
                0x0000000008000e84       0x70 ./Core/Src/stm32f1xx_hal_msp.o
                0x0000000008000e84                HAL_TIM_Base_MspInit
 .text.HAL_TIM_MspPostInit
                0x0000000008000ef4       0x64 ./Core/Src/stm32f1xx_hal_msp.o
                0x0000000008000ef4                HAL_TIM_MspPostInit
 .text.HAL_UART_MspInit
                0x0000000008000f58       0xa4 ./Core/Src/stm32f1xx_hal_msp.o
                0x0000000008000f58                HAL_UART_MspInit
 .text.NMI_Handler
                0x0000000008000ffc        0x6 ./Core/Src/stm32f1xx_it.o
                0x0000000008000ffc                NMI_Handler
 .text.HardFault_Handler
                0x0000000008001002        0x6 ./Core/Src/stm32f1xx_it.o
                0x0000000008001002                HardFault_Handler
 .text.MemManage_Handler
                0x0000000008001008        0x6 ./Core/Src/stm32f1xx_it.o
                0x0000000008001008                MemManage_Handler
 .text.BusFault_Handler
                0x000000000800100e        0x6 ./Core/Src/stm32f1xx_it.o
                0x000000000800100e                BusFault_Handler
 .text.UsageFault_Handler
                0x0000000008001014        0x6 ./Core/Src/stm32f1xx_it.o
                0x0000000008001014                UsageFault_Handler
 .text.SVC_Handler
                0x000000000800101a        0xc ./Core/Src/stm32f1xx_it.o
                0x000000000800101a                SVC_Handler
 .text.DebugMon_Handler
                0x0000000008001026        0xc ./Core/Src/stm32f1xx_it.o
                0x0000000008001026                DebugMon_Handler
 .text.PendSV_Handler
                0x0000000008001032        0xc ./Core/Src/stm32f1xx_it.o
                0x0000000008001032                PendSV_Handler
 .text.SysTick_Handler
                0x000000000800103e        0xc ./Core/Src/stm32f1xx_it.o
                0x000000000800103e                SysTick_Handler
 *fill*         0x000000000800104a        0x2 
 .text.TIM2_IRQHandler
                0x000000000800104c       0x14 ./Core/Src/stm32f1xx_it.o
                0x000000000800104c                TIM2_IRQHandler
 .text.USART2_IRQHandler
                0x0000000008001060       0x14 ./Core/Src/stm32f1xx_it.o
                0x0000000008001060                USART2_IRQHandler
 .text.SystemInit
                0x0000000008001074        0xc ./Core/Src/system_stm32f1xx.o
                0x0000000008001074                SystemInit
 .text.setTimer1
                0x0000000008001080       0x28 ./Core/Src/timer.o
                0x0000000008001080                setTimer1
 .text.setTimer2
                0x00000000080010a8       0x28 ./Core/Src/timer.o
                0x00000000080010a8                setTimer2
 .text.setTimer3
                0x00000000080010d0       0x28 ./Core/Src/timer.o
                0x00000000080010d0                setTimer3
 .text.setTimer4
                0x00000000080010f8       0x28 ./Core/Src/timer.o
                0x00000000080010f8                setTimer4
 .text.timerRun
                0x0000000008001120       0xac ./Core/Src/timer.o
                0x0000000008001120                timerRun
 .text.Reset_Handler
                0x00000000080011cc       0x48 ./Core/Startup/startup_stm32f103rbtx.o
                0x00000000080011cc                Reset_Handler
 .text.Default_Handler
                0x0000000008001214        0x2 ./Core/Startup/startup_stm32f103rbtx.o
                0x0000000008001214                RTC_Alarm_IRQHandler
                0x0000000008001214                EXTI2_IRQHandler
                0x0000000008001214                TIM1_CC_IRQHandler
                0x0000000008001214                PVD_IRQHandler
                0x0000000008001214                EXTI3_IRQHandler
                0x0000000008001214                EXTI0_IRQHandler
                0x0000000008001214                I2C2_EV_IRQHandler
                0x0000000008001214                ADC1_2_IRQHandler
                0x0000000008001214                SPI1_IRQHandler
                0x0000000008001214                TAMPER_IRQHandler
                0x0000000008001214                DMA1_Channel4_IRQHandler
                0x0000000008001214                USART3_IRQHandler
                0x0000000008001214                RTC_IRQHandler
                0x0000000008001214                DMA1_Channel7_IRQHandler
                0x0000000008001214                CAN1_RX1_IRQHandler
                0x0000000008001214                TIM4_IRQHandler
                0x0000000008001214                I2C1_EV_IRQHandler
                0x0000000008001214                DMA1_Channel6_IRQHandler
                0x0000000008001214                TIM3_IRQHandler
                0x0000000008001214                RCC_IRQHandler
                0x0000000008001214                TIM1_TRG_COM_IRQHandler
                0x0000000008001214                DMA1_Channel1_IRQHandler
                0x0000000008001214                Default_Handler
                0x0000000008001214                EXTI15_10_IRQHandler
                0x0000000008001214                EXTI9_5_IRQHandler
                0x0000000008001214                SPI2_IRQHandler
                0x0000000008001214                DMA1_Channel5_IRQHandler
                0x0000000008001214                EXTI4_IRQHandler
                0x0000000008001214                USB_LP_CAN1_RX0_IRQHandler
                0x0000000008001214                USB_HP_CAN1_TX_IRQHandler
                0x0000000008001214                DMA1_Channel3_IRQHandler
                0x0000000008001214                TIM1_UP_IRQHandler
                0x0000000008001214                WWDG_IRQHandler
                0x0000000008001214                TIM1_BRK_IRQHandler
                0x0000000008001214                EXTI1_IRQHandler
                0x0000000008001214                I2C2_ER_IRQHandler
                0x0000000008001214                DMA1_Channel2_IRQHandler
                0x0000000008001214                CAN1_SCE_IRQHandler
                0x0000000008001214                FLASH_IRQHandler
                0x0000000008001214                USART1_IRQHandler
                0x0000000008001214                I2C1_ER_IRQHandler
                0x0000000008001214                USBWakeUp_IRQHandler
 *fill*         0x0000000008001216        0x2 
 .text.HAL_Init
                0x0000000008001218       0x2c ./Drivers/STM32F1xx_HAL_Driver/Src/stm32f1xx_hal.o
                0x0000000008001218                HAL_Init
 .text.HAL_InitTick
                0x0000000008001244       0x60 ./Drivers/STM32F1xx_HAL_Driver/Src/stm32f1xx_hal.o
                0x0000000008001244                HAL_InitTick
 .text.HAL_IncTick
                0x00000000080012a4       0x24 ./Drivers/STM32F1xx_HAL_Driver/Src/stm32f1xx_hal.o
                0x00000000080012a4                HAL_IncTick
 .text.HAL_GetTick
                0x00000000080012c8       0x14 ./Drivers/STM32F1xx_HAL_Driver/Src/stm32f1xx_hal.o
                0x00000000080012c8                HAL_GetTick
 .text.__NVIC_SetPriorityGrouping
                0x00000000080012dc       0x48 ./Drivers/STM32F1xx_HAL_Driver/Src/stm32f1xx_hal_cortex.o
 .text.__NVIC_GetPriorityGrouping
                0x0000000008001324       0x1c ./Drivers/STM32F1xx_HAL_Driver/Src/stm32f1xx_hal_cortex.o
 .text.__NVIC_EnableIRQ
                0x0000000008001340       0x38 ./Drivers/STM32F1xx_HAL_Driver/Src/stm32f1xx_hal_cortex.o
 .text.__NVIC_SetPriority
                0x0000000008001378       0x54 ./Drivers/STM32F1xx_HAL_Driver/Src/stm32f1xx_hal_cortex.o
 .text.NVIC_EncodePriority
                0x00000000080013cc       0x64 ./Drivers/STM32F1xx_HAL_Driver/Src/stm32f1xx_hal_cortex.o
 .text.SysTick_Config
                0x0000000008001430       0x44 ./Drivers/STM32F1xx_HAL_Driver/Src/stm32f1xx_hal_cortex.o
 .text.HAL_NVIC_SetPriorityGrouping
                0x0000000008001474       0x16 ./Drivers/STM32F1xx_HAL_Driver/Src/stm32f1xx_hal_cortex.o
                0x0000000008001474                HAL_NVIC_SetPriorityGrouping
 .text.HAL_NVIC_SetPriority
                0x000000000800148a       0x38 ./Drivers/STM32F1xx_HAL_Driver/Src/stm32f1xx_hal_cortex.o
                0x000000000800148a                HAL_NVIC_SetPriority
 .text.HAL_NVIC_EnableIRQ
                0x00000000080014c2       0x1c ./Drivers/STM32F1xx_HAL_Driver/Src/stm32f1xx_hal_cortex.o
                0x00000000080014c2                HAL_NVIC_EnableIRQ
 .text.HAL_SYSTICK_Config
                0x00000000080014de       0x18 ./Drivers/STM32F1xx_HAL_Driver/Src/stm32f1xx_hal_cortex.o
                0x00000000080014de                HAL_SYSTICK_Config
 .text.HAL_DMA_Abort
                0x00000000080014f6       0x74 ./Drivers/STM32F1xx_HAL_Driver/Src/stm32f1xx_hal_dma.o
                0x00000000080014f6                HAL_DMA_Abort
 *fill*         0x000000000800156a        0x2 
 .text.HAL_DMA_Abort_IT
                0x000000000800156c       0xec ./Drivers/STM32F1xx_HAL_Driver/Src/stm32f1xx_hal_dma.o
                0x000000000800156c                HAL_DMA_Abort_IT
 .text.HAL_GPIO_Init
                0x0000000008001658      0x308 ./Drivers/STM32F1xx_HAL_Driver/Src/stm32f1xx_hal_gpio.o
                0x0000000008001658                HAL_GPIO_Init
 .text.HAL_GPIO_ReadPin
                0x0000000008001960       0x2e ./Drivers/STM32F1xx_HAL_Driver/Src/stm32f1xx_hal_gpio.o
                0x0000000008001960                HAL_GPIO_ReadPin
 .text.HAL_GPIO_WritePin
                0x000000000800198e       0x30 ./Drivers/STM32F1xx_HAL_Driver/Src/stm32f1xx_hal_gpio.o
                0x000000000800198e                HAL_GPIO_WritePin
 *fill*         0x00000000080019be        0x2 
 .text.HAL_RCC_OscConfig
                0x00000000080019c0      0x500 ./Drivers/STM32F1xx_HAL_Driver/Src/stm32f1xx_hal_rcc.o
                0x00000000080019c0                HAL_RCC_OscConfig
 .text.HAL_RCC_ClockConfig
                0x0000000008001ec0      0x1d4 ./Drivers/STM32F1xx_HAL_Driver/Src/stm32f1xx_hal_rcc.o
                0x0000000008001ec0                HAL_RCC_ClockConfig
 .text.HAL_RCC_GetSysClockFreq
                0x0000000008002094       0xc0 ./Drivers/STM32F1xx_HAL_Driver/Src/stm32f1xx_hal_rcc.o
                0x0000000008002094                HAL_RCC_GetSysClockFreq
 .text.HAL_RCC_GetHCLKFreq
                0x0000000008002154       0x14 ./Drivers/STM32F1xx_HAL_Driver/Src/stm32f1xx_hal_rcc.o
                0x0000000008002154                HAL_RCC_GetHCLKFreq
 .text.HAL_RCC_GetPCLK1Freq
                0x0000000008002168       0x28 ./Drivers/STM32F1xx_HAL_Driver/Src/stm32f1xx_hal_rcc.o
                0x0000000008002168                HAL_RCC_GetPCLK1Freq
 .text.HAL_RCC_GetPCLK2Freq
                0x0000000008002190       0x28 ./Drivers/STM32F1xx_HAL_Driver/Src/stm32f1xx_hal_rcc.o
                0x0000000008002190                HAL_RCC_GetPCLK2Freq
 .text.RCC_Delay
                0x00000000080021b8       0x3c ./Drivers/STM32F1xx_HAL_Driver/Src/stm32f1xx_hal_rcc.o
 .text.HAL_TIM_Base_Init
                0x00000000080021f4       0x9e ./Drivers/STM32F1xx_HAL_Driver/Src/stm32f1xx_hal_tim.o
                0x00000000080021f4                HAL_TIM_Base_Init
 *fill*         0x0000000008002292        0x2 
 .text.HAL_TIM_Base_Start_IT
                0x0000000008002294       0xa4 ./Drivers/STM32F1xx_HAL_Driver/Src/stm32f1xx_hal_tim.o
                0x0000000008002294                HAL_TIM_Base_Start_IT
 .text.HAL_TIM_PWM_Init
                0x0000000008002338       0x9e ./Drivers/STM32F1xx_HAL_Driver/Src/stm32f1xx_hal_tim.o
                0x0000000008002338                HAL_TIM_PWM_Init
 .text.HAL_TIM_PWM_MspInit
                0x00000000080023d6       0x12 ./Drivers/STM32F1xx_HAL_Driver/Src/stm32f1xx_hal_tim.o
                0x00000000080023d6                HAL_TIM_PWM_MspInit
 .text.HAL_TIM_PWM_Start
                0x00000000080023e8      0x144 ./Drivers/STM32F1xx_HAL_Driver/Src/stm32f1xx_hal_tim.o
                0x00000000080023e8                HAL_TIM_PWM_Start
 .text.HAL_TIM_IRQHandler
                0x000000000800252c      0x210 ./Drivers/STM32F1xx_HAL_Driver/Src/stm32f1xx_hal_tim.o
                0x000000000800252c                HAL_TIM_IRQHandler
 .text.HAL_TIM_PWM_ConfigChannel
                0x000000000800273c      0x17c ./Drivers/STM32F1xx_HAL_Driver/Src/stm32f1xx_hal_tim.o
                0x000000000800273c                HAL_TIM_PWM_ConfigChannel
 .text.HAL_TIM_ConfigClockSource
                0x00000000080028b8      0x188 ./Drivers/STM32F1xx_HAL_Driver/Src/stm32f1xx_hal_tim.o
                0x00000000080028b8                HAL_TIM_ConfigClockSource
 .text.HAL_TIM_OC_DelayElapsedCallback
                0x0000000008002a40       0x12 ./Drivers/STM32F1xx_HAL_Driver/Src/stm32f1xx_hal_tim.o
                0x0000000008002a40                HAL_TIM_OC_DelayElapsedCallback
 .text.HAL_TIM_IC_CaptureCallback
                0x0000000008002a52       0x12 ./Drivers/STM32F1xx_HAL_Driver/Src/stm32f1xx_hal_tim.o
                0x0000000008002a52                HAL_TIM_IC_CaptureCallback
 .text.HAL_TIM_PWM_PulseFinishedCallback
                0x0000000008002a64       0x12 ./Drivers/STM32F1xx_HAL_Driver/Src/stm32f1xx_hal_tim.o
                0x0000000008002a64                HAL_TIM_PWM_PulseFinishedCallback
 .text.HAL_TIM_TriggerCallback
                0x0000000008002a76       0x12 ./Drivers/STM32F1xx_HAL_Driver/Src/stm32f1xx_hal_tim.o
                0x0000000008002a76                HAL_TIM_TriggerCallback
 .text.TIM_Base_SetConfig
                0x0000000008002a88       0xc4 ./Drivers/STM32F1xx_HAL_Driver/Src/stm32f1xx_hal_tim.o
                0x0000000008002a88                TIM_Base_SetConfig
 .text.TIM_OC1_SetConfig
                0x0000000008002b4c       0xcc ./Drivers/STM32F1xx_HAL_Driver/Src/stm32f1xx_hal_tim.o
 .text.TIM_OC2_SetConfig
                0x0000000008002c18       0xd4 ./Drivers/STM32F1xx_HAL_Driver/Src/stm32f1xx_hal_tim.o
                0x0000000008002c18                TIM_OC2_SetConfig
 .text.TIM_OC3_SetConfig
                0x0000000008002cec       0xd4 ./Drivers/STM32F1xx_HAL_Driver/Src/stm32f1xx_hal_tim.o
 .text.TIM_OC4_SetConfig
                0x0000000008002dc0       0x9c ./Drivers/STM32F1xx_HAL_Driver/Src/stm32f1xx_hal_tim.o
 .text.TIM_TI1_ConfigInputStage
                0x0000000008002e5c       0x5c ./Drivers/STM32F1xx_HAL_Driver/Src/stm32f1xx_hal_tim.o
 .text.TIM_TI2_ConfigInputStage
                0x0000000008002eb8       0x5e ./Drivers/STM32F1xx_HAL_Driver/Src/stm32f1xx_hal_tim.o
 .text.TIM_ITRx_SetConfig
                0x0000000008002f16       0x34 ./Drivers/STM32F1xx_HAL_Driver/Src/stm32f1xx_hal_tim.o
 .text.TIM_ETR_SetConfig
                0x0000000008002f4a       0x3e ./Drivers/STM32F1xx_HAL_Driver/Src/stm32f1xx_hal_tim.o
                0x0000000008002f4a                TIM_ETR_SetConfig
 .text.TIM_CCxChannelCmd
                0x0000000008002f88       0x48 ./Drivers/STM32F1xx_HAL_Driver/Src/stm32f1xx_hal_tim.o
                0x0000000008002f88                TIM_CCxChannelCmd
 .text.HAL_TIMEx_MasterConfigSynchronization
                0x0000000008002fd0       0xbc ./Drivers/STM32F1xx_HAL_Driver/Src/stm32f1xx_hal_tim_ex.o
                0x0000000008002fd0                HAL_TIMEx_MasterConfigSynchronization
 .text.HAL_TIMEx_CommutCallback
                0x000000000800308c       0x12 ./Drivers/STM32F1xx_HAL_Driver/Src/stm32f1xx_hal_tim_ex.o
                0x000000000800308c                HAL_TIMEx_CommutCallback
 .text.HAL_TIMEx_BreakCallback
                0x000000000800309e       0x12 ./Drivers/STM32F1xx_HAL_Driver/Src/stm32f1xx_hal_tim_ex.o
                0x000000000800309e                HAL_TIMEx_BreakCallback
 .text.HAL_UART_Init
                0x00000000080030b0       0x9a ./Drivers/STM32F1xx_HAL_Driver/Src/stm32f1xx_hal_uart.o
                0x00000000080030b0                HAL_UART_Init
 .text.HAL_UART_Transmit
                0x000000000800314a      0x124 ./Drivers/STM32F1xx_HAL_Driver/Src/stm32f1xx_hal_uart.o
                0x000000000800314a                HAL_UART_Transmit
 .text.HAL_UART_Receive_IT
                0x000000000800326e       0x60 ./Drivers/STM32F1xx_HAL_Driver/Src/stm32f1xx_hal_uart.o
                0x000000000800326e                HAL_UART_Receive_IT
 *fill*         0x00000000080032ce        0x2 
 .text.HAL_UART_IRQHandler
                0x00000000080032d0      0x354 ./Drivers/STM32F1xx_HAL_Driver/Src/stm32f1xx_hal_uart.o
                0x00000000080032d0                HAL_UART_IRQHandler
 .text.HAL_UART_TxCpltCallback
                0x0000000008003624       0x12 ./Drivers/STM32F1xx_HAL_Driver/Src/stm32f1xx_hal_uart.o
                0x0000000008003624                HAL_UART_TxCpltCallback
 .text.HAL_UART_ErrorCallback
                0x0000000008003636       0x12 ./Drivers/STM32F1xx_HAL_Driver/Src/stm32f1xx_hal_uart.o
                0x0000000008003636                HAL_UART_ErrorCallback
 .text.HAL_UARTEx_RxEventCallback
                0x0000000008003648       0x16 ./Drivers/STM32F1xx_HAL_Driver/Src/stm32f1xx_hal_uart.o
                0x0000000008003648                HAL_UARTEx_RxEventCallback
 .text.UART_WaitOnFlagUntilTimeout
                0x000000000800365e       0x94 ./Drivers/STM32F1xx_HAL_Driver/Src/stm32f1xx_hal_uart.o
 .text.UART_Start_Receive_IT
                0x00000000080036f2       0x72 ./Drivers/STM32F1xx_HAL_Driver/Src/stm32f1xx_hal_uart.o
                0x00000000080036f2                UART_Start_Receive_IT
 .text.UART_EndRxTransfer
                0x0000000008003764       0x58 ./Drivers/STM32F1xx_HAL_Driver/Src/stm32f1xx_hal_uart.o
 .text.UART_DMAAbortOnError
                0x00000000080037bc       0x28 ./Drivers/STM32F1xx_HAL_Driver/Src/stm32f1xx_hal_uart.o
 .text.UART_Transmit_IT
                0x00000000080037e4       0x9e ./Drivers/STM32F1xx_HAL_Driver/Src/stm32f1xx_hal_uart.o
 .text.UART_EndTransmit_IT
                0x0000000008003882       0x30 ./Drivers/STM32F1xx_HAL_Driver/Src/stm32f1xx_hal_uart.o
 .text.UART_Receive_IT
                0x00000000080038b2      0x152 ./Drivers/STM32F1xx_HAL_Driver/Src/stm32f1xx_hal_uart.o
 .text.UART_SetConfig
                0x0000000008003a04      0x11c ./Drivers/STM32F1xx_HAL_Driver/Src/stm32f1xx_hal_uart.o
 .text.__libc_init_array
                0x0000000008003b20       0x48 d:/micro controller lab/tool/stm32cubeide/stm32cubeide_1.7.0/stm32cubeide/plugins/com.st.stm32cube.ide.mcu.externaltools.gnu-tools-for-stm32.9-2020-q2-update.win32_2.0.0.202105311346/tools/bin/../lib/gcc/arm-none-eabi/9.3.1/../../../../arm-none-eabi/lib/thumb/v7-m/nofp\libc_nano.a(lib_a-init.o)
                0x0000000008003b20                __libc_init_array
 .text.memset   0x0000000008003b68       0x10 d:/micro controller lab/tool/stm32cubeide/stm32cubeide_1.7.0/stm32cubeide/plugins/com.st.stm32cube.ide.mcu.externaltools.gnu-tools-for-stm32.9-2020-q2-update.win32_2.0.0.202105311346/tools/bin/../lib/gcc/arm-none-eabi/9.3.1/../../../../arm-none-eabi/lib/thumb/v7-m/nofp\libc_nano.a(lib_a-memset.o)
                0x0000000008003b68                memset
 *(.glue_7)
 .glue_7        0x0000000008003b78        0x0 linker stubs
 *(.glue_7t)
 .glue_7t       0x0000000008003b78        0x0 linker stubs
 *(.eh_frame)
 .eh_frame      0x0000000008003b78        0x0 d:/micro controller lab/tool/stm32cubeide/stm32cubeide_1.7.0/stm32cubeide/plugins/com.st.stm32cube.ide.mcu.externaltools.gnu-tools-for-stm32.9-2020-q2-update.win32_2.0.0.202105311346/tools/bin/../lib/gcc/arm-none-eabi/9.3.1/thumb/v7-m/nofp/crtbegin.o
 *(.init)
 .init          0x0000000008003b78        0x4 d:/micro controller lab/tool/stm32cubeide/stm32cubeide_1.7.0/stm32cubeide/plugins/com.st.stm32cube.ide.mcu.externaltools.gnu-tools-for-stm32.9-2020-q2-update.win32_2.0.0.202105311346/tools/bin/../lib/gcc/arm-none-eabi/9.3.1/thumb/v7-m/nofp/crti.o
                0x0000000008003b78                _init
 .init          0x0000000008003b7c        0x8 d:/micro controller lab/tool/stm32cubeide/stm32cubeide_1.7.0/stm32cubeide/plugins/com.st.stm32cube.ide.mcu.externaltools.gnu-tools-for-stm32.9-2020-q2-update.win32_2.0.0.202105311346/tools/bin/../lib/gcc/arm-none-eabi/9.3.1/thumb/v7-m/nofp/crtn.o
 *(.fini)
 .fini          0x0000000008003b84        0x4 d:/micro controller lab/tool/stm32cubeide/stm32cubeide_1.7.0/stm32cubeide/plugins/com.st.stm32cube.ide.mcu.externaltools.gnu-tools-for-stm32.9-2020-q2-update.win32_2.0.0.202105311346/tools/bin/../lib/gcc/arm-none-eabi/9.3.1/thumb/v7-m/nofp/crti.o
                0x0000000008003b84                _fini
 .fini          0x0000000008003b88        0x8 d:/micro controller lab/tool/stm32cubeide/stm32cubeide_1.7.0/stm32cubeide/plugins/com.st.stm32cube.ide.mcu.externaltools.gnu-tools-for-stm32.9-2020-q2-update.win32_2.0.0.202105311346/tools/bin/../lib/gcc/arm-none-eabi/9.3.1/thumb/v7-m/nofp/crtn.o
                0x0000000008003b90                . = ALIGN (0x4)
                0x0000000008003b90                _etext = .

.vfp11_veneer   0x0000000008003b90        0x0
 .vfp11_veneer  0x0000000008003b90        0x0 linker stubs

.v4_bx          0x0000000008003b90        0x0
 .v4_bx         0x0000000008003b90        0x0 linker stubs

.iplt           0x0000000008003b90        0x0
 .iplt          0x0000000008003b90        0x0 d:/micro controller lab/tool/stm32cubeide/stm32cubeide_1.7.0/stm32cubeide/plugins/com.st.stm32cube.ide.mcu.externaltools.gnu-tools-for-stm32.9-2020-q2-update.win32_2.0.0.202105311346/tools/bin/../lib/gcc/arm-none-eabi/9.3.1/thumb/v7-m/nofp/crtbegin.o

.rodata         0x0000000008003b90       0x28
                0x0000000008003b90                . = ALIGN (0x4)
 *(.rodata)
 .rodata        0x0000000008003b90       0x10 ./Drivers/STM32F1xx_HAL_Driver/Src/stm32f1xx_hal_rcc.o
 *(.rodata*)
 .rodata.AHBPrescTable
                0x0000000008003ba0       0x10 ./Core/Src/system_stm32f1xx.o
                0x0000000008003ba0                AHBPrescTable
 .rodata.APBPrescTable
                0x0000000008003bb0        0x8 ./Core/Src/system_stm32f1xx.o
                0x0000000008003bb0                APBPrescTable
                0x0000000008003bb8                . = ALIGN (0x4)

.rel.dyn        0x0000000008003bb8        0x0
 .rel.iplt      0x0000000008003bb8        0x0 d:/micro controller lab/tool/stm32cubeide/stm32cubeide_1.7.0/stm32cubeide/plugins/com.st.stm32cube.ide.mcu.externaltools.gnu-tools-for-stm32.9-2020-q2-update.win32_2.0.0.202105311346/tools/bin/../lib/gcc/arm-none-eabi/9.3.1/thumb/v7-m/nofp/crtbegin.o

.ARM.extab      0x0000000008003bb8        0x0
                0x0000000008003bb8                . = ALIGN (0x4)
 *(.ARM.extab* .gnu.linkonce.armextab.*)
                0x0000000008003bb8                . = ALIGN (0x4)

.ARM            0x0000000008003bb8        0x0
                0x0000000008003bb8                . = ALIGN (0x4)
                0x0000000008003bb8                __exidx_start = .
 *(.ARM.exidx*)
                0x0000000008003bb8                __exidx_end = .
                0x0000000008003bb8                . = ALIGN (0x4)

.preinit_array  0x0000000008003bb8        0x0
                0x0000000008003bb8                . = ALIGN (0x4)
                0x0000000008003bb8                PROVIDE (__preinit_array_start = .)
 *(.preinit_array*)
                0x0000000008003bb8                PROVIDE (__preinit_array_end = .)
                0x0000000008003bb8                . = ALIGN (0x4)

.init_array     0x0000000008003bb8        0x4
                0x0000000008003bb8                . = ALIGN (0x4)
                0x0000000008003bb8                PROVIDE (__init_array_start = .)
 *(SORT_BY_NAME(.init_array.*))
 *(.init_array*)
 .init_array    0x0000000008003bb8        0x4 d:/micro controller lab/tool/stm32cubeide/stm32cubeide_1.7.0/stm32cubeide/plugins/com.st.stm32cube.ide.mcu.externaltools.gnu-tools-for-stm32.9-2020-q2-update.win32_2.0.0.202105311346/tools/bin/../lib/gcc/arm-none-eabi/9.3.1/thumb/v7-m/nofp/crtbegin.o
                0x0000000008003bbc                PROVIDE (__init_array_end = .)
                0x0000000008003bbc                . = ALIGN (0x4)

.fini_array     0x0000000008003bbc        0x4
                0x0000000008003bbc                . = ALIGN (0x4)
                [!provide]                        PROVIDE (__fini_array_start = .)
 *(SORT_BY_NAME(.fini_array.*))
 *(.fini_array*)
 .fini_array    0x0000000008003bbc        0x4 d:/micro controller lab/tool/stm32cubeide/stm32cubeide_1.7.0/stm32cubeide/plugins/com.st.stm32cube.ide.mcu.externaltools.gnu-tools-for-stm32.9-2020-q2-update.win32_2.0.0.202105311346/tools/bin/../lib/gcc/arm-none-eabi/9.3.1/thumb/v7-m/nofp/crtbegin.o
                [!provide]                        PROVIDE (__fini_array_end = .)
                0x0000000008003bc0                . = ALIGN (0x4)
                0x0000000008003bc0                _sidata = LOADADDR (.data)

.data           0x0000000020000000       0x38 load address 0x0000000008003bc0
                0x0000000020000000                . = ALIGN (0x4)
                0x0000000020000000                _sdata = .
 *(.data)
 *(.data*)
 .data.TimerForKeyPress
                0x0000000020000000        0x4 ./Core/Src/button_reading.o
                0x0000000020000000                TimerForKeyPress
 .data.INPUT_BUTTON
                0x0000000020000004        0x8 ./Core/Src/global.o
                0x0000000020000004                INPUT_BUTTON
 .data.FSM_Traffic_Light_State_Col
                0x000000002000000c        0x4 ./Core/Src/global.o
                0x000000002000000c                FSM_Traffic_Light_State_Col
 .data.Increase_Duty_Cycle
                0x0000000020000010        0x4 ./Core/Src/global.o
                0x0000000020000010                Increase_Duty_Cycle
 .data.Increase_Speed
                0x0000000020000014        0x4 ./Core/Src/global.o
                0x0000000020000014                Increase_Speed
 .data.red_time
                0x0000000020000018        0x4 ./Core/Src/global.o
                0x0000000020000018                red_time
 .data.green_time
                0x000000002000001c        0x4 ./Core/Src/global.o
                0x000000002000001c                green_time
 .data.yellow_time
                0x0000000020000020        0x4 ./Core/Src/global.o
                0x0000000020000020                yellow_time
 .data.traffic_light_remain_time_row
                0x0000000020000024        0x4 ./Core/Src/global.o
                0x0000000020000024                traffic_light_remain_time_row
 .data.traffic_light_remain_time_col
                0x0000000020000028        0x4 ./Core/Src/global.o
                0x0000000020000028                traffic_light_remain_time_col
 .data.SystemCoreClock
                0x000000002000002c        0x4 ./Core/Src/system_stm32f1xx.o
                0x000000002000002c                SystemCoreClock
 .data.uwTickPrio
                0x0000000020000030        0x4 ./Drivers/STM32F1xx_HAL_Driver/Src/stm32f1xx_hal.o
                0x0000000020000030                uwTickPrio
 .data.uwTickFreq
                0x0000000020000034        0x1 ./Drivers/STM32F1xx_HAL_Driver/Src/stm32f1xx_hal.o
                0x0000000020000034                uwTickFreq
 *(.RamFunc)
 *(.RamFunc*)
                0x0000000020000038                . = ALIGN (0x4)
 *fill*         0x0000000020000035        0x3 
                0x0000000020000038                _edata = .

.igot.plt       0x0000000020000038        0x0 load address 0x0000000008003bf8
 .igot.plt      0x0000000020000038        0x0 d:/micro controller lab/tool/stm32cubeide/stm32cubeide_1.7.0/stm32cubeide/plugins/com.st.stm32cube.ide.mcu.externaltools.gnu-tools-for-stm32.9-2020-q2-update.win32_2.0.0.202105311346/tools/bin/../lib/gcc/arm-none-eabi/9.3.1/thumb/v7-m/nofp/crtbegin.o
                0x0000000020000038                . = ALIGN (0x4)

.bss            0x0000000020000038      0x140 load address 0x0000000008003bf8
                0x0000000020000038                _sbss = .
                0x0000000020000038                __bss_start__ = _sbss
 *(.bss)
 .bss           0x0000000020000038       0x1c d:/micro controller lab/tool/stm32cubeide/stm32cubeide_1.7.0/stm32cubeide/plugins/com.st.stm32cube.ide.mcu.externaltools.gnu-tools-for-stm32.9-2020-q2-update.win32_2.0.0.202105311346/tools/bin/../lib/gcc/arm-none-eabi/9.3.1/thumb/v7-m/nofp/crtbegin.o
 *(.bss*)
 .bss.Reg3      0x0000000020000054        0x4 ./Core/Src/button_reading.o
 .bss.Reg0      0x0000000020000058        0x4 ./Core/Src/button_reading.o
 .bss.Reg1      0x000000002000005c        0x4 ./Core/Src/button_reading.o
 .bss.Reg2      0x0000000020000060        0x4 ./Core/Src/button_reading.o
 .bss.To_Default_State
                0x0000000020000064        0x4 ./Core/Src/fsm_traffic_light.o
                0x0000000020000064                To_Default_State
 .bss.buttonPressed_flag
                0x0000000020000068        0x4 ./Core/Src/global.o
                0x0000000020000068                buttonPressed_flag
 .bss.FSM_Traffic_Light_State_Row
                0x000000002000006c        0x4 ./Core/Src/global.o
                0x000000002000006c                FSM_Traffic_Light_State_Row
 .bss.FSM_Pedestrian_State
                0x0000000020000070        0x4 ./Core/Src/global.o
                0x0000000020000070                FSM_Pedestrian_State
 .bss.FSM_Buzzer_State
                0x0000000020000074        0x4 ./Core/Src/global.o
                0x0000000020000074                FSM_Buzzer_State
 .bss.timer1Counter
                0x0000000020000078        0x4 ./Core/Src/global.o
                0x0000000020000078                timer1Counter
 .bss.timer1Flag
                0x000000002000007c        0x4 ./Core/Src/global.o
                0x000000002000007c                timer1Flag
 .bss.timer2Counter
                0x0000000020000080        0x4 ./Core/Src/global.o
                0x0000000020000080                timer2Counter
 .bss.timer2Flag
                0x0000000020000084        0x4 ./Core/Src/global.o
                0x0000000020000084                timer2Flag
 .bss.timer3Counter
                0x0000000020000088        0x4 ./Core/Src/global.o
                0x0000000020000088                timer3Counter
 .bss.timer3Flag
                0x000000002000008c        0x4 ./Core/Src/global.o
                0x000000002000008c                timer3Flag
 .bss.timer4Counter
                0x0000000020000090        0x4 ./Core/Src/global.o
                0x0000000020000090                timer4Counter
 .bss.timer4Flag
                0x0000000020000094        0x4 ./Core/Src/global.o
                0x0000000020000094                timer4Flag
 .bss.Set_TL_Time
                0x0000000020000098        0x4 ./Core/Src/global.o
                0x0000000020000098                Set_TL_Time
 .bss.temp      0x000000002000009c        0x1 ./Core/Src/main.o
                0x000000002000009c                temp
 *(COMMON)
 *fill*         0x000000002000009d        0x3 
 COMMON         0x00000000200000a0       0xd4 ./Core/Src/main.o
                0x00000000200000a0                htim3
                0x00000000200000e8                htim2
                0x0000000020000130                huart2
 COMMON         0x0000000020000174        0x4 ./Drivers/STM32F1xx_HAL_Driver/Src/stm32f1xx_hal.o
                0x0000000020000174                uwTick
                0x0000000020000178                . = ALIGN (0x4)
                0x0000000020000178                _ebss = .
                0x0000000020000178                __bss_end__ = _ebss

._user_heap_stack
                0x0000000020000178      0x600 load address 0x0000000008003bf8
                0x0000000020000178                . = ALIGN (0x8)
                [!provide]                        PROVIDE (end = .)
                0x0000000020000178                PROVIDE (_end = .)
                0x0000000020000378                . = (. + _Min_Heap_Size)
 *fill*         0x0000000020000178      0x200 
                0x0000000020000778                . = (. + _Min_Stack_Size)
 *fill*         0x0000000020000378      0x400 
                0x0000000020000778                . = ALIGN (0x8)

/DISCARD/
 libc.a(*)
 libm.a(*)
 libgcc.a(*)

.ARM.attributes
                0x0000000000000000       0x29
 *(.ARM.attributes)
 .ARM.attributes
                0x0000000000000000       0x1d d:/micro controller lab/tool/stm32cubeide/stm32cubeide_1.7.0/stm32cubeide/plugins/com.st.stm32cube.ide.mcu.externaltools.gnu-tools-for-stm32.9-2020-q2-update.win32_2.0.0.202105311346/tools/bin/../lib/gcc/arm-none-eabi/9.3.1/thumb/v7-m/nofp/crti.o
 .ARM.attributes
                0x000000000000001d       0x2d d:/micro controller lab/tool/stm32cubeide/stm32cubeide_1.7.0/stm32cubeide/plugins/com.st.stm32cube.ide.mcu.externaltools.gnu-tools-for-stm32.9-2020-q2-update.win32_2.0.0.202105311346/tools/bin/../lib/gcc/arm-none-eabi/9.3.1/thumb/v7-m/nofp/crtbegin.o
 .ARM.attributes
                0x000000000000004a       0x2d ./Core/Src/button_reading.o
 .ARM.attributes
                0x0000000000000077       0x2d ./Core/Src/display_traffic_light.o
 .ARM.attributes
                0x00000000000000a4       0x2d ./Core/Src/fsm_pedestrian.o
 .ARM.attributes
                0x00000000000000d1       0x2d ./Core/Src/fsm_traffic_light.o
 .ARM.attributes
                0x00000000000000fe       0x33 ./Core/Src/global.o
 .ARM.attributes
                0x0000000000000131       0x2d ./Core/Src/main.o
 .ARM.attributes
                0x000000000000015e       0x2d ./Core/Src/stm32f1xx_hal_msp.o
 .ARM.attributes
                0x000000000000018b       0x2d ./Core/Src/stm32f1xx_it.o
 .ARM.attributes
                0x00000000000001b8       0x2d ./Core/Src/system_stm32f1xx.o
 .ARM.attributes
                0x00000000000001e5       0x2d ./Core/Src/timer.o
 .ARM.attributes
                0x0000000000000212       0x21 ./Core/Startup/startup_stm32f103rbtx.o
 .ARM.attributes
                0x0000000000000233       0x2d ./Drivers/STM32F1xx_HAL_Driver/Src/stm32f1xx_hal.o
 .ARM.attributes
                0x0000000000000260       0x2d ./Drivers/STM32F1xx_HAL_Driver/Src/stm32f1xx_hal_cortex.o
 .ARM.attributes
                0x000000000000028d       0x2d ./Drivers/STM32F1xx_HAL_Driver/Src/stm32f1xx_hal_dma.o
 .ARM.attributes
                0x00000000000002ba       0x2d ./Drivers/STM32F1xx_HAL_Driver/Src/stm32f1xx_hal_gpio.o
 .ARM.attributes
                0x00000000000002e7       0x2d ./Drivers/STM32F1xx_HAL_Driver/Src/stm32f1xx_hal_rcc.o
 .ARM.attributes
                0x0000000000000314       0x2d ./Drivers/STM32F1xx_HAL_Driver/Src/stm32f1xx_hal_tim.o
 .ARM.attributes
                0x0000000000000341       0x2d ./Drivers/STM32F1xx_HAL_Driver/Src/stm32f1xx_hal_tim_ex.o
 .ARM.attributes
                0x000000000000036e       0x2d ./Drivers/STM32F1xx_HAL_Driver/Src/stm32f1xx_hal_uart.o
 .ARM.attributes
                0x000000000000039b       0x2d d:/micro controller lab/tool/stm32cubeide/stm32cubeide_1.7.0/stm32cubeide/plugins/com.st.stm32cube.ide.mcu.externaltools.gnu-tools-for-stm32.9-2020-q2-update.win32_2.0.0.202105311346/tools/bin/../lib/gcc/arm-none-eabi/9.3.1/../../../../arm-none-eabi/lib/thumb/v7-m/nofp\libc_nano.a(lib_a-init.o)
 .ARM.attributes
                0x00000000000003c8       0x2d d:/micro controller lab/tool/stm32cubeide/stm32cubeide_1.7.0/stm32cubeide/plugins/com.st.stm32cube.ide.mcu.externaltools.gnu-tools-for-stm32.9-2020-q2-update.win32_2.0.0.202105311346/tools/bin/../lib/gcc/arm-none-eabi/9.3.1/../../../../arm-none-eabi/lib/thumb/v7-m/nofp\libc_nano.a(lib_a-memset.o)
 .ARM.attributes
                0x00000000000003f5       0x1d d:/micro controller lab/tool/stm32cubeide/stm32cubeide_1.7.0/stm32cubeide/plugins/com.st.stm32cube.ide.mcu.externaltools.gnu-tools-for-stm32.9-2020-q2-update.win32_2.0.0.202105311346/tools/bin/../lib/gcc/arm-none-eabi/9.3.1/thumb/v7-m/nofp/crtn.o
OUTPUT(Assignment.elf elf32-littlearm)
LOAD linker stubs
LOAD d:/micro controller lab/tool/stm32cubeide/stm32cubeide_1.7.0/stm32cubeide/plugins/com.st.stm32cube.ide.mcu.externaltools.gnu-tools-for-stm32.9-2020-q2-update.win32_2.0.0.202105311346/tools/bin/../lib/gcc/arm-none-eabi/9.3.1/../../../../arm-none-eabi/lib/thumb/v7-m/nofp\libc.a
LOAD d:/micro controller lab/tool/stm32cubeide/stm32cubeide_1.7.0/stm32cubeide/plugins/com.st.stm32cube.ide.mcu.externaltools.gnu-tools-for-stm32.9-2020-q2-update.win32_2.0.0.202105311346/tools/bin/../lib/gcc/arm-none-eabi/9.3.1/../../../../arm-none-eabi/lib/thumb/v7-m/nofp\libm.a
LOAD d:/micro controller lab/tool/stm32cubeide/stm32cubeide_1.7.0/stm32cubeide/plugins/com.st.stm32cube.ide.mcu.externaltools.gnu-tools-for-stm32.9-2020-q2-update.win32_2.0.0.202105311346/tools/bin/../lib/gcc/arm-none-eabi/9.3.1/thumb/v7-m/nofp\libgcc.a

.debug_info     0x0000000000000000     0xc3c4
 .debug_info    0x0000000000000000      0x48b ./Core/Src/button_reading.o
 .debug_info    0x000000000000048b      0x3fd ./Core/Src/display_traffic_light.o
 .debug_info    0x0000000000000888      0x3fd ./Core/Src/fsm_pedestrian.o
 .debug_info    0x0000000000000c85      0x3c8 ./Core/Src/fsm_traffic_light.o
 .debug_info    0x000000000000104d      0x34e ./Core/Src/global.o
 .debug_info    0x000000000000139b     0x10cc ./Core/Src/main.o
 .debug_info    0x0000000000002467      0xe38 ./Core/Src/stm32f1xx_hal_msp.o
 .debug_info    0x000000000000329f      0xa22 ./Core/Src/stm32f1xx_it.o
 .debug_info    0x0000000000003cc1      0x2be ./Core/Src/system_stm32f1xx.o
 .debug_info    0x0000000000003f7f      0x3fc ./Core/Src/timer.o
 .debug_info    0x000000000000437b       0x22 ./Core/Startup/startup_stm32f103rbtx.o
 .debug_info    0x000000000000439d      0x76a ./Drivers/STM32F1xx_HAL_Driver/Src/stm32f1xx_hal.o
 .debug_info    0x0000000000004b07      0xbdc ./Drivers/STM32F1xx_HAL_Driver/Src/stm32f1xx_hal_cortex.o
 .debug_info    0x00000000000056e3      0x81e ./Drivers/STM32F1xx_HAL_Driver/Src/stm32f1xx_hal_dma.o
 .debug_info    0x0000000000005f01      0x701 ./Drivers/STM32F1xx_HAL_Driver/Src/stm32f1xx_hal_gpio.o
 .debug_info    0x0000000000006602      0x88e ./Drivers/STM32F1xx_HAL_Driver/Src/stm32f1xx_hal_rcc.o
 .debug_info    0x0000000000006e90     0x2a45 ./Drivers/STM32F1xx_HAL_Driver/Src/stm32f1xx_hal_tim.o
 .debug_info    0x00000000000098d5     0x14d5 ./Drivers/STM32F1xx_HAL_Driver/Src/stm32f1xx_hal_tim_ex.o
 .debug_info    0x000000000000adaa     0x161a ./Drivers/STM32F1xx_HAL_Driver/Src/stm32f1xx_hal_uart.o

.debug_abbrev   0x0000000000000000     0x204e
 .debug_abbrev  0x0000000000000000      0x136 ./Core/Src/button_reading.o
 .debug_abbrev  0x0000000000000136      0x112 ./Core/Src/display_traffic_light.o
 .debug_abbrev  0x0000000000000248      0x112 ./Core/Src/fsm_pedestrian.o
 .debug_abbrev  0x000000000000035a      0x113 ./Core/Src/fsm_traffic_light.o
 .debug_abbrev  0x000000000000046d       0xad ./Core/Src/global.o
 .debug_abbrev  0x000000000000051a      0x2b4 ./Core/Src/main.o
 .debug_abbrev  0x00000000000007ce      0x1c8 ./Core/Src/stm32f1xx_hal_msp.o
 .debug_abbrev  0x0000000000000996      0x176 ./Core/Src/stm32f1xx_it.o
 .debug_abbrev  0x0000000000000b0c      0x14e ./Core/Src/system_stm32f1xx.o
 .debug_abbrev  0x0000000000000c5a      0x110 ./Core/Src/timer.o
 .debug_abbrev  0x0000000000000d6a       0x12 ./Core/Startup/startup_stm32f103rbtx.o
 .debug_abbrev  0x0000000000000d7c      0x1ed ./Drivers/STM32F1xx_HAL_Driver/Src/stm32f1xx_hal.o
 .debug_abbrev  0x0000000000000f69      0x313 ./Drivers/STM32F1xx_HAL_Driver/Src/stm32f1xx_hal_cortex.o
 .debug_abbrev  0x000000000000127c      0x228 ./Drivers/STM32F1xx_HAL_Driver/Src/stm32f1xx_hal_dma.o
 .debug_abbrev  0x00000000000014a4      0x1e8 ./Drivers/STM32F1xx_HAL_Driver/Src/stm32f1xx_hal_gpio.o
 .debug_abbrev  0x000000000000168c      0x273 ./Drivers/STM32F1xx_HAL_Driver/Src/stm32f1xx_hal_rcc.o
 .debug_abbrev  0x00000000000018ff      0x25e ./Drivers/STM32F1xx_HAL_Driver/Src/stm32f1xx_hal_tim.o
 .debug_abbrev  0x0000000000001b5d      0x266 ./Drivers/STM32F1xx_HAL_Driver/Src/stm32f1xx_hal_tim_ex.o
 .debug_abbrev  0x0000000000001dc3      0x28b ./Drivers/STM32F1xx_HAL_Driver/Src/stm32f1xx_hal_uart.o

.debug_aranges  0x0000000000000000      0xce0
 .debug_aranges
                0x0000000000000000       0x20 ./Core/Src/button_reading.o
 .debug_aranges
                0x0000000000000020       0x20 ./Core/Src/display_traffic_light.o
 .debug_aranges
                0x0000000000000040       0x20 ./Core/Src/fsm_pedestrian.o
 .debug_aranges
                0x0000000000000060       0x38 ./Core/Src/fsm_traffic_light.o
 .debug_aranges
                0x0000000000000098       0x18 ./Core/Src/global.o
 .debug_aranges
                0x00000000000000b0       0x68 ./Core/Src/main.o
 .debug_aranges
                0x0000000000000118       0x48 ./Core/Src/stm32f1xx_hal_msp.o
 .debug_aranges
                0x0000000000000160       0x70 ./Core/Src/stm32f1xx_it.o
 .debug_aranges
                0x00000000000001d0       0x28 ./Core/Src/system_stm32f1xx.o
 .debug_aranges
                0x00000000000001f8       0x40 ./Core/Src/timer.o
 .debug_aranges
                0x0000000000000238       0x28 ./Core/Startup/startup_stm32f103rbtx.o
 .debug_aranges
                0x0000000000000260       0xe0 ./Drivers/STM32F1xx_HAL_Driver/Src/stm32f1xx_hal.o
 .debug_aranges
                0x0000000000000340      0x100 ./Drivers/STM32F1xx_HAL_Driver/Src/stm32f1xx_hal_cortex.o
 .debug_aranges
                0x0000000000000440       0x80 ./Drivers/STM32F1xx_HAL_Driver/Src/stm32f1xx_hal_dma.o
 .debug_aranges
                0x00000000000004c0       0x58 ./Drivers/STM32F1xx_HAL_Driver/Src/stm32f1xx_hal_gpio.o
 .debug_aranges
                0x0000000000000518       0x90 ./Drivers/STM32F1xx_HAL_Driver/Src/stm32f1xx_hal_rcc.o
 .debug_aranges
                0x00000000000005a8      0x3d0 ./Drivers/STM32F1xx_HAL_Driver/Src/stm32f1xx_hal_tim.o
 .debug_aranges
                0x0000000000000978      0x168 ./Drivers/STM32F1xx_HAL_Driver/Src/stm32f1xx_hal_tim_ex.o
 .debug_aranges
                0x0000000000000ae0      0x200 ./Drivers/STM32F1xx_HAL_Driver/Src/stm32f1xx_hal_uart.o

.debug_ranges   0x0000000000000000      0xbe0
 .debug_ranges  0x0000000000000000       0x10 ./Core/Src/button_reading.o
 .debug_ranges  0x0000000000000010       0x10 ./Core/Src/display_traffic_light.o
 .debug_ranges  0x0000000000000020       0x10 ./Core/Src/fsm_pedestrian.o
 .debug_ranges  0x0000000000000030       0x28 ./Core/Src/fsm_traffic_light.o
 .debug_ranges  0x0000000000000058       0x58 ./Core/Src/main.o
 .debug_ranges  0x00000000000000b0       0x38 ./Core/Src/stm32f1xx_hal_msp.o
 .debug_ranges  0x00000000000000e8       0x60 ./Core/Src/stm32f1xx_it.o
 .debug_ranges  0x0000000000000148       0x18 ./Core/Src/system_stm32f1xx.o
 .debug_ranges  0x0000000000000160       0x30 ./Core/Src/timer.o
 .debug_ranges  0x0000000000000190       0x20 ./Core/Startup/startup_stm32f103rbtx.o
 .debug_ranges  0x00000000000001b0       0xd0 ./Drivers/STM32F1xx_HAL_Driver/Src/stm32f1xx_hal.o
 .debug_ranges  0x0000000000000280       0xf0 ./Drivers/STM32F1xx_HAL_Driver/Src/stm32f1xx_hal_cortex.o
 .debug_ranges  0x0000000000000370       0x70 ./Drivers/STM32F1xx_HAL_Driver/Src/stm32f1xx_hal_dma.o
 .debug_ranges  0x00000000000003e0       0x48 ./Drivers/STM32F1xx_HAL_Driver/Src/stm32f1xx_hal_gpio.o
 .debug_ranges  0x0000000000000428       0x80 ./Drivers/STM32F1xx_HAL_Driver/Src/stm32f1xx_hal_rcc.o
 .debug_ranges  0x00000000000004a8      0x3c0 ./Drivers/STM32F1xx_HAL_Driver/Src/stm32f1xx_hal_tim.o
 .debug_ranges  0x0000000000000868      0x158 ./Drivers/STM32F1xx_HAL_Driver/Src/stm32f1xx_hal_tim_ex.o
 .debug_ranges  0x00000000000009c0      0x220 ./Drivers/STM32F1xx_HAL_Driver/Src/stm32f1xx_hal_uart.o

.debug_macro    0x0000000000000000    0x1785b
 .debug_macro   0x0000000000000000      0x1d0 ./Core/Src/button_reading.o
 .debug_macro   0x00000000000001d0      0xa9c ./Core/Src/button_reading.o
 .debug_macro   0x0000000000000c6c      0x21b ./Core/Src/button_reading.o
 .debug_macro   0x0000000000000e87       0x2e ./Core/Src/button_reading.o
 .debug_macro   0x0000000000000eb5       0x22 ./Core/Src/button_reading.o
 .debug_macro   0x0000000000000ed7       0x22 ./Core/Src/button_reading.o
 .debug_macro   0x0000000000000ef9       0x8e ./Core/Src/button_reading.o
 .debug_macro   0x0000000000000f87       0x51 ./Core/Src/button_reading.o
 .debug_macro   0x0000000000000fd8      0x103 ./Core/Src/button_reading.o
 .debug_macro   0x00000000000010db       0x6a ./Core/Src/button_reading.o
 .debug_macro   0x0000000000001145      0x1df ./Core/Src/button_reading.o
 .debug_macro   0x0000000000001324       0x1c ./Core/Src/button_reading.o
 .debug_macro   0x0000000000001340       0x22 ./Core/Src/button_reading.o
 .debug_macro   0x0000000000001362       0xc3 ./Core/Src/button_reading.o
 .debug_macro   0x0000000000001425      0xd23 ./Core/Src/button_reading.o
 .debug_macro   0x0000000000002148     0xe09e ./Core/Src/button_reading.o
 .debug_macro   0x00000000000101e6       0x6d ./Core/Src/button_reading.o
 .debug_macro   0x0000000000010253     0x3468 ./Core/Src/button_reading.o
 .debug_macro   0x00000000000136bb      0x174 ./Core/Src/button_reading.o
 .debug_macro   0x000000000001382f       0x5c ./Core/Src/button_reading.o
 .debug_macro   0x000000000001388b      0x5be ./Core/Src/button_reading.o
 .debug_macro   0x0000000000013e49      0x289 ./Core/Src/button_reading.o
 .debug_macro   0x00000000000140d2      0x1cb ./Core/Src/button_reading.o
 .debug_macro   0x000000000001429d      0x114 ./Core/Src/button_reading.o
 .debug_macro   0x00000000000143b1      0x1b2 ./Core/Src/button_reading.o
 .debug_macro   0x0000000000014563       0x27 ./Core/Src/button_reading.o
 .debug_macro   0x000000000001458a      0x136 ./Core/Src/button_reading.o
 .debug_macro   0x00000000000146c0      0x1bc ./Core/Src/button_reading.o
 .debug_macro   0x000000000001487c       0x34 ./Core/Src/button_reading.o
 .debug_macro   0x00000000000148b0       0x3c ./Core/Src/button_reading.o
 .debug_macro   0x00000000000148ec       0x57 ./Core/Src/button_reading.o
 .debug_macro   0x0000000000014943       0x88 ./Core/Src/button_reading.o
 .debug_macro   0x00000000000149cb      0x241 ./Core/Src/button_reading.o
 .debug_macro   0x0000000000014c0c      0x141 ./Core/Src/button_reading.o
 .debug_macro   0x0000000000014d4d      0x8d1 ./Core/Src/button_reading.o
 .debug_macro   0x000000000001561e      0x279 ./Core/Src/button_reading.o
 .debug_macro   0x0000000000015897       0x83 ./Core/Src/button_reading.o
 .debug_macro   0x000000000001591a       0x7c ./Core/Src/button_reading.o
 .debug_macro   0x0000000000015996       0x7c ./Core/Src/button_reading.o
 .debug_macro   0x0000000000015a12       0x10 ./Core/Src/button_reading.o
 .debug_macro   0x0000000000015a22      0x1cb ./Core/Src/display_traffic_light.o
 .debug_macro   0x0000000000015bed      0x1c9 ./Core/Src/fsm_pedestrian.o
 .debug_macro   0x0000000000015db6       0x82 ./Core/Src/fsm_pedestrian.o
 .debug_macro   0x0000000000015e38      0x1cf ./Core/Src/fsm_traffic_light.o
 .debug_macro   0x0000000000016007      0x1c1 ./Core/Src/global.o
 .debug_macro   0x00000000000161c8      0x202 ./Core/Src/main.o
 .debug_macro   0x00000000000163ca      0x1b2 ./Core/Src/stm32f1xx_hal_msp.o
 .debug_macro   0x000000000001657c      0x1bc ./Core/Src/stm32f1xx_it.o
 .debug_macro   0x0000000000016738      0x1a3 ./Core/Src/system_stm32f1xx.o
 .debug_macro   0x00000000000168db      0x1c5 ./Core/Src/timer.o
 .debug_macro   0x0000000000016aa0      0x1c7 ./Drivers/STM32F1xx_HAL_Driver/Src/stm32f1xx_hal.o
 .debug_macro   0x0000000000016c67      0x1a3 ./Drivers/STM32F1xx_HAL_Driver/Src/stm32f1xx_hal_cortex.o
 .debug_macro   0x0000000000016e0a      0x1a3 ./Drivers/STM32F1xx_HAL_Driver/Src/stm32f1xx_hal_dma.o
 .debug_macro   0x0000000000016fad      0x20e ./Drivers/STM32F1xx_HAL_Driver/Src/stm32f1xx_hal_gpio.o
 .debug_macro   0x00000000000171bb      0x1b5 ./Drivers/STM32F1xx_HAL_Driver/Src/stm32f1xx_hal_rcc.o
 .debug_macro   0x0000000000017370      0x1a4 ./Drivers/STM32F1xx_HAL_Driver/Src/stm32f1xx_hal_tim.o
 .debug_macro   0x0000000000017514      0x1a3 ./Drivers/STM32F1xx_HAL_Driver/Src/stm32f1xx_hal_tim_ex.o
 .debug_macro   0x00000000000176b7      0x1a4 ./Drivers/STM32F1xx_HAL_Driver/Src/stm32f1xx_hal_uart.o

.debug_line     0x0000000000000000     0xfd2b
 .debug_line    0x0000000000000000      0x839 ./Core/Src/button_reading.o
 .debug_line    0x0000000000000839      0x7e8 ./Core/Src/display_traffic_light.o
 .debug_line    0x0000000000001021      0x80b ./Core/Src/fsm_pedestrian.o
 .debug_line    0x000000000000182c      0xa23 ./Core/Src/fsm_traffic_light.o
 .debug_line    0x000000000000224f      0x782 ./Core/Src/global.o
 .debug_line    0x00000000000029d1      0xaaf ./Core/Src/main.o
 .debug_line    0x0000000000003480      0x877 ./Core/Src/stm32f1xx_hal_msp.o
 .debug_line    0x0000000000003cf7      0x88c ./Core/Src/stm32f1xx_it.o
 .debug_line    0x0000000000004583      0x818 ./Core/Src/system_stm32f1xx.o
 .debug_line    0x0000000000004d9b      0x850 ./Core/Src/timer.o
 .debug_line    0x00000000000055eb       0x87 ./Core/Startup/startup_stm32f103rbtx.o
 .debug_line    0x0000000000005672      0xa45 ./Drivers/STM32F1xx_HAL_Driver/Src/stm32f1xx_hal.o
 .debug_line    0x00000000000060b7      0xc2d ./Drivers/STM32F1xx_HAL_Driver/Src/stm32f1xx_hal_cortex.o
 .debug_line    0x0000000000006ce4      0xe9d ./Drivers/STM32F1xx_HAL_Driver/Src/stm32f1xx_hal_dma.o
 .debug_line    0x0000000000007b81      0xadc ./Drivers/STM32F1xx_HAL_Driver/Src/stm32f1xx_hal_gpio.o
 .debug_line    0x000000000000865d      0xe53 ./Drivers/STM32F1xx_HAL_Driver/Src/stm32f1xx_hal_rcc.o
 .debug_line    0x00000000000094b0     0x33ee ./Drivers/STM32F1xx_HAL_Driver/Src/stm32f1xx_hal_tim.o
 .debug_line    0x000000000000c89e     0x196d ./Drivers/STM32F1xx_HAL_Driver/Src/stm32f1xx_hal_tim_ex.o
 .debug_line    0x000000000000e20b     0x1b20 ./Drivers/STM32F1xx_HAL_Driver/Src/stm32f1xx_hal_uart.o

.debug_str      0x0000000000000000    0x86b64
 .debug_str     0x0000000000000000    0x83627 ./Core/Src/button_reading.o
                                      0x83963 (size before relaxing)
 .debug_str     0x0000000000083627       0x58 ./Core/Src/display_traffic_light.o
                                      0x8391a (size before relaxing)
 .debug_str     0x000000000008367f       0x43 ./Core/Src/fsm_pedestrian.o
                                      0x83905 (size before relaxing)
 .debug_str     0x00000000000836c2       0x96 ./Core/Src/fsm_traffic_light.o
                                      0x8393b (size before relaxing)
 .debug_str     0x0000000000083758       0x15 ./Core/Src/global.o
                                      0x838ba (size before relaxing)
 .debug_str     0x000000000008376d      0x95c ./Core/Src/main.o
                                      0x84378 (size before relaxing)
 .debug_str     0x00000000000840c9      0x32c ./Core/Src/stm32f1xx_hal_msp.o
                                      0x840ac (size before relaxing)
 .debug_str     0x00000000000843f5       0xdf ./Core/Src/stm32f1xx_it.o
                                      0x83d67 (size before relaxing)
 .debug_str     0x00000000000844d4       0x52 ./Core/Src/system_stm32f1xx.o
                                      0x83447 (size before relaxing)
 .debug_str     0x0000000000084526       0x4e ./Core/Src/timer.o
                                      0x838f3 (size before relaxing)
 .debug_str     0x0000000000084574       0x36 ./Core/Startup/startup_stm32f103rbtx.o
                                         0x63 (size before relaxing)
 .debug_str     0x00000000000845aa      0x304 ./Drivers/STM32F1xx_HAL_Driver/Src/stm32f1xx_hal.o
                                      0x83ad8 (size before relaxing)
 .debug_str     0x00000000000848ae      0x300 ./Drivers/STM32F1xx_HAL_Driver/Src/stm32f1xx_hal_cortex.o
                                      0x83ae0 (size before relaxing)
 .debug_str     0x0000000000084bae      0x230 ./Drivers/STM32F1xx_HAL_Driver/Src/stm32f1xx_hal_dma.o
                                      0x83822 (size before relaxing)
 .debug_str     0x0000000000084dde      0x311 ./Drivers/STM32F1xx_HAL_Driver/Src/stm32f1xx_hal_gpio.o
                                      0x8380b (size before relaxing)
 .debug_str     0x00000000000850ef      0x24f ./Drivers/STM32F1xx_HAL_Driver/Src/stm32f1xx_hal_rcc.o
                                      0x83844 (size before relaxing)
 .debug_str     0x000000000008533e      0xd68 ./Drivers/STM32F1xx_HAL_Driver/Src/stm32f1xx_hal_tim.o
                                      0x84816 (size before relaxing)
 .debug_str     0x00000000000860a6      0x4ee ./Drivers/STM32F1xx_HAL_Driver/Src/stm32f1xx_hal_tim_ex.o
                                      0x83fc7 (size before relaxing)
 .debug_str     0x0000000000086594      0x5d0 ./Drivers/STM32F1xx_HAL_Driver/Src/stm32f1xx_hal_uart.o
                                      0x83e36 (size before relaxing)

.comment        0x0000000000000000       0x53
 .comment       0x0000000000000000       0x53 ./Core/Src/button_reading.o
                                         0x54 (size before relaxing)
 .comment       0x0000000000000053       0x54 ./Core/Src/display_traffic_light.o
 .comment       0x0000000000000053       0x54 ./Core/Src/fsm_pedestrian.o
 .comment       0x0000000000000053       0x54 ./Core/Src/fsm_traffic_light.o
 .comment       0x0000000000000053       0x54 ./Core/Src/global.o
 .comment       0x0000000000000053       0x54 ./Core/Src/main.o
 .comment       0x0000000000000053       0x54 ./Core/Src/stm32f1xx_hal_msp.o
 .comment       0x0000000000000053       0x54 ./Core/Src/stm32f1xx_it.o
 .comment       0x0000000000000053       0x54 ./Core/Src/system_stm32f1xx.o
 .comment       0x0000000000000053       0x54 ./Core/Src/timer.o
 .comment       0x0000000000000053       0x54 ./Drivers/STM32F1xx_HAL_Driver/Src/stm32f1xx_hal.o
 .comment       0x0000000000000053       0x54 ./Drivers/STM32F1xx_HAL_Driver/Src/stm32f1xx_hal_cortex.o
 .comment       0x0000000000000053       0x54 ./Drivers/STM32F1xx_HAL_Driver/Src/stm32f1xx_hal_dma.o
 .comment       0x0000000000000053       0x54 ./Drivers/STM32F1xx_HAL_Driver/Src/stm32f1xx_hal_gpio.o
 .comment       0x0000000000000053       0x54 ./Drivers/STM32F1xx_HAL_Driver/Src/stm32f1xx_hal_rcc.o
 .comment       0x0000000000000053       0x54 ./Drivers/STM32F1xx_HAL_Driver/Src/stm32f1xx_hal_tim.o
 .comment       0x0000000000000053       0x54 ./Drivers/STM32F1xx_HAL_Driver/Src/stm32f1xx_hal_tim_ex.o
 .comment       0x0000000000000053       0x54 ./Drivers/STM32F1xx_HAL_Driver/Src/stm32f1xx_hal_uart.o

.debug_frame    0x0000000000000000     0x33dc
 .debug_frame   0x0000000000000000       0x34 ./Core/Src/button_reading.o
 .debug_frame   0x0000000000000034       0x2c ./Core/Src/display_traffic_light.o
 .debug_frame   0x0000000000000060       0x2c ./Core/Src/fsm_pedestrian.o
 .debug_frame   0x000000000000008c       0x90 ./Core/Src/fsm_traffic_light.o
 .debug_frame   0x000000000000011c      0x154 ./Core/Src/main.o
 .debug_frame   0x0000000000000270       0xec ./Core/Src/stm32f1xx_hal_msp.o
 .debug_frame   0x000000000000035c      0x13c ./Core/Src/stm32f1xx_it.o
 .debug_frame   0x0000000000000498       0x58 ./Core/Src/system_stm32f1xx.o
 .debug_frame   0x00000000000004f0       0xd0 ./Core/Src/timer.o
 .debug_frame   0x00000000000005c0      0x334 ./Drivers/STM32F1xx_HAL_Driver/Src/stm32f1xx_hal.o
 .debug_frame   0x00000000000008f4      0x428 ./Drivers/STM32F1xx_HAL_Driver/Src/stm32f1xx_hal_cortex.o
 .debug_frame   0x0000000000000d1c      0x208 ./Drivers/STM32F1xx_HAL_Driver/Src/stm32f1xx_hal_dma.o
 .debug_frame   0x0000000000000f24      0x14c ./Drivers/STM32F1xx_HAL_Driver/Src/stm32f1xx_hal_gpio.o
 .debug_frame   0x0000000000001070      0x21c ./Drivers/STM32F1xx_HAL_Driver/Src/stm32f1xx_hal_rcc.o
 .debug_frame   0x000000000000128c     0x11b8 ./Drivers/STM32F1xx_HAL_Driver/Src/stm32f1xx_hal_tim.o
 .debug_frame   0x0000000000002444      0x638 ./Drivers/STM32F1xx_HAL_Driver/Src/stm32f1xx_hal_tim_ex.o
 .debug_frame   0x0000000000002a7c      0x914 ./Drivers/STM32F1xx_HAL_Driver/Src/stm32f1xx_hal_uart.o
 .debug_frame   0x0000000000003390       0x2c d:/micro controller lab/tool/stm32cubeide/stm32cubeide_1.7.0/stm32cubeide/plugins/com.st.stm32cube.ide.mcu.externaltools.gnu-tools-for-stm32.9-2020-q2-update.win32_2.0.0.202105311346/tools/bin/../lib/gcc/arm-none-eabi/9.3.1/../../../../arm-none-eabi/lib/thumb/v7-m/nofp\libc_nano.a(lib_a-init.o)
 .debug_frame   0x00000000000033bc       0x20 d:/micro controller lab/tool/stm32cubeide/stm32cubeide_1.7.0/stm32cubeide/plugins/com.st.stm32cube.ide.mcu.externaltools.gnu-tools-for-stm32.9-2020-q2-update.win32_2.0.0.202105311346/tools/bin/../lib/gcc/arm-none-eabi/9.3.1/../../../../arm-none-eabi/lib/thumb/v7-m/nofp\libc_nano.a(lib_a-memset.o)
