Archive member included to satisfy reference by file (symbol)

d:/micro controller lab/tool/stm32cubeide/stm32cubeide_1.7.0/stm32cubeide/plugins/com.st.stm32cube.ide.mcu.externaltools.gnu-tools-for-stm32.9-2020-q2-update.win32_2.0.0.202105311346/tools/bin/../lib/gcc/arm-none-eabi/9.3.1/../../../../arm-none-eabi/lib/thumb/v7-m/nofp\libc_nano.a(lib_a-errno.o)
                              ./Core/Src/syscalls.o (__errno)
d:/micro controller lab/tool/stm32cubeide/stm32cubeide_1.7.0/stm32cubeide/plugins/com.st.stm32cube.ide.mcu.externaltools.gnu-tools-for-stm32.9-2020-q2-update.win32_2.0.0.202105311346/tools/bin/../lib/gcc/arm-none-eabi/9.3.1/../../../../arm-none-eabi/lib/thumb/v7-m/nofp\libc_nano.a(lib_a-exit.o)
                              d:/micro controller lab/tool/stm32cubeide/stm32cubeide_1.7.0/stm32cubeide/plugins/com.st.stm32cube.ide.mcu.externaltools.gnu-tools-for-stm32.9-2020-q2-update.win32_2.0.0.202105311346/tools/bin/../lib/gcc/arm-none-eabi/9.3.1/../../../../arm-none-eabi/lib/thumb/v7-m/nofp/crt0.o (exit)
d:/micro controller lab/tool/stm32cubeide/stm32cubeide_1.7.0/stm32cubeide/plugins/com.st.stm32cube.ide.mcu.externaltools.gnu-tools-for-stm32.9-2020-q2-update.win32_2.0.0.202105311346/tools/bin/../lib/gcc/arm-none-eabi/9.3.1/../../../../arm-none-eabi/lib/thumb/v7-m/nofp\libc_nano.a(lib_a-impure.o)
                              d:/micro controller lab/tool/stm32cubeide/stm32cubeide_1.7.0/stm32cubeide/plugins/com.st.stm32cube.ide.mcu.externaltools.gnu-tools-for-stm32.9-2020-q2-update.win32_2.0.0.202105311346/tools/bin/../lib/gcc/arm-none-eabi/9.3.1/../../../../arm-none-eabi/lib/thumb/v7-m/nofp\libc_nano.a(lib_a-exit.o) (_global_impure_ptr)
d:/micro controller lab/tool/stm32cubeide/stm32cubeide_1.7.0/stm32cubeide/plugins/com.st.stm32cube.ide.mcu.externaltools.gnu-tools-for-stm32.9-2020-q2-update.win32_2.0.0.202105311346/tools/bin/../lib/gcc/arm-none-eabi/9.3.1/../../../../arm-none-eabi/lib/thumb/v7-m/nofp\libc_nano.a(lib_a-init.o)
                              d:/micro controller lab/tool/stm32cubeide/stm32cubeide_1.7.0/stm32cubeide/plugins/com.st.stm32cube.ide.mcu.externaltools.gnu-tools-for-stm32.9-2020-q2-update.win32_2.0.0.202105311346/tools/bin/../lib/gcc/arm-none-eabi/9.3.1/../../../../arm-none-eabi/lib/thumb/v7-m/nofp/crt0.o (__libc_init_array)
d:/micro controller lab/tool/stm32cubeide/stm32cubeide_1.7.0/stm32cubeide/plugins/com.st.stm32cube.ide.mcu.externaltools.gnu-tools-for-stm32.9-2020-q2-update.win32_2.0.0.202105311346/tools/bin/../lib/gcc/arm-none-eabi/9.3.1/../../../../arm-none-eabi/lib/thumb/v7-m/nofp\libc_nano.a(lib_a-memset.o)
                              d:/micro controller lab/tool/stm32cubeide/stm32cubeide_1.7.0/stm32cubeide/plugins/com.st.stm32cube.ide.mcu.externaltools.gnu-tools-for-stm32.9-2020-q2-update.win32_2.0.0.202105311346/tools/bin/../lib/gcc/arm-none-eabi/9.3.1/../../../../arm-none-eabi/lib/thumb/v7-m/nofp/crt0.o (memset)

Allocating common symbols
Common symbol       size              file

uwTick              0x4               ./Drivers/STM32F1xx_HAL_Driver/Src/stm32f1xx_hal.o
pFlash              0x20              ./Drivers/STM32F1xx_HAL_Driver/Src/stm32f1xx_hal_flash.o
htim3               0x48              ./Core/Src/main.o
htim2               0x48              ./Core/Src/main.o
huart2              0x44              ./Core/Src/main.o

Discarded input sections

 .text          0x0000000000000000        0x0 d:/micro controller lab/tool/stm32cubeide/stm32cubeide_1.7.0/stm32cubeide/plugins/com.st.stm32cube.ide.mcu.externaltools.gnu-tools-for-stm32.9-2020-q2-update.win32_2.0.0.202105311346/tools/bin/../lib/gcc/arm-none-eabi/9.3.1/thumb/v7-m/nofp/crti.o
 .data          0x0000000000000000        0x0 d:/micro controller lab/tool/stm32cubeide/stm32cubeide_1.7.0/stm32cubeide/plugins/com.st.stm32cube.ide.mcu.externaltools.gnu-tools-for-stm32.9-2020-q2-update.win32_2.0.0.202105311346/tools/bin/../lib/gcc/arm-none-eabi/9.3.1/thumb/v7-m/nofp/crti.o
 .bss           0x0000000000000000        0x0 d:/micro controller lab/tool/stm32cubeide/stm32cubeide_1.7.0/stm32cubeide/plugins/com.st.stm32cube.ide.mcu.externaltools.gnu-tools-for-stm32.9-2020-q2-update.win32_2.0.0.202105311346/tools/bin/../lib/gcc/arm-none-eabi/9.3.1/thumb/v7-m/nofp/crti.o
 .data          0x0000000000000000        0x4 d:/micro controller lab/tool/stm32cubeide/stm32cubeide_1.7.0/stm32cubeide/plugins/com.st.stm32cube.ide.mcu.externaltools.gnu-tools-for-stm32.9-2020-q2-update.win32_2.0.0.202105311346/tools/bin/../lib/gcc/arm-none-eabi/9.3.1/thumb/v7-m/nofp/crtbegin.o
 .text          0x0000000000000000       0x7c d:/micro controller lab/tool/stm32cubeide/stm32cubeide_1.7.0/stm32cubeide/plugins/com.st.stm32cube.ide.mcu.externaltools.gnu-tools-for-stm32.9-2020-q2-update.win32_2.0.0.202105311346/tools/bin/../lib/gcc/arm-none-eabi/9.3.1/../../../../arm-none-eabi/lib/thumb/v7-m/nofp/crt0.o
[...]
Memory Configuration

Name             Origin             Length             Attributes
RAM              0x0000000020000000 0x0000000000005000 xrw
FLASH            0x0000000008000000 0x0000000000020000 xr
*default*        0x0000000000000000 0xffffffffffffffff

Linker script and memory map

LOAD d:/micro controller lab/tool/stm32cubeide/stm32cubeide_1.7.0/stm32cubeide/plugins/com.st.stm32cube.ide.mcu.externaltools.gnu-tools-for-stm32.9-2020-q2-update.win32_2.0.0.202105311346/tools/bin/../lib/gcc/arm-none-eabi/9.3.1/thumb/v7-m/nofp/crti.o
LOAD d:/micro controller lab/tool/stm32cubeide/stm32cubeide_1.7.0/stm32cubeide/plugins/com.st.stm32cube.ide.mcu.externaltools.gnu-tools-for-stm32.9-2020-q2-update.win32_2.0.0.202105311346/tools/bin/../lib/gcc/arm-none-eabi/9.3.1/thumb/v7-m/nofp/crtbegin.o
LOAD d:/micro controller lab/tool/stm32cubeide/stm32cubeide_1.7.0/stm32cubeide/plugins/com.st.stm32cube.ide.mcu.externaltools.gnu-tools-for-stm32.9-2020-q2-update.win32_2.0.0.202105311346/tools/bin/../lib/gcc/arm-none-eabi/9.3.1/../../../../arm-none-eabi/lib/thumb/v7-m/nofp/crt0.o
LOAD ./Core/Src/button_reading.o
LOAD ./Core/Src/display_traffic_light.o
LOAD ./Core/Src/fsm_pedestrian.o
LOAD ./Core/Src/fsm_traffic_light.o
LOAD ./Core/Src/global.o
LOAD ./Core/Src/main.o
LOAD ./Core/Src/stm32f1xx_hal_msp.o
LOAD ./Core/Src/stm32f1xx_it.o
LOAD ./Core/Src/syscalls.o
LOAD ./Core/Src/sysmem.o
LOAD ./Core/Src/system_stm32f1xx.o
LOAD ./Core/Src/timer.o
LOAD ./Core/Startup/startup_stm32f103rbtx.o
LOAD ./Drivers/STM32F1xx_HAL_Driver/Src/stm32f1xx_hal.o
LOAD ./Drivers/STM32F1xx_HAL_Driver/Src/stm32f1xx_hal_cortex.o
LOAD ./Drivers/STM32F1xx_HAL_Driver/Src/stm32f1xx_hal_dma.o
LOAD ./Drivers/STM32F1xx_HAL_Driver/Src/stm32f1xx_hal_exti.o
LOAD ./Drivers/STM32F1xx_HAL_Driver/Src/stm32f1xx_hal_flash.o
LOAD ./Drivers/STM32F1xx_HAL_Driver/Src/stm32f1xx_hal_flash_ex.o
LOAD ./Drivers/STM32F1xx_HAL_Driver/Src/stm32f1xx_hal_gpio.o
LOAD ./Drivers/STM32F1xx_HAL_Driver/Src/stm32f1xx_hal_gpio_ex.o
LOAD ./Drivers/STM32F1xx_HAL_Driver/Src/stm32f1xx_hal_pwr.o
LOAD ./Drivers/STM32F1xx_HAL_Driver/Src/stm32f1xx_hal_rcc.o
LOAD ./Drivers/STM32F1xx_HAL_Driver/Src/stm32f1xx_hal_rcc_ex.o
LOAD ./Drivers/STM32F1xx_HAL_Driver/Src/stm32f1xx_hal_tim.o
LOAD ./Drivers/STM32F1xx_HAL_Driver/Src/stm32f1xx_hal_tim_ex.o
LOAD ./Drivers/STM32F1xx_HAL_Driver/Src/stm32f1xx_hal_uart.o
START GROUP
LOAD d:/micro controller lab/tool/stm32cubeide/stm32cubeide_1.7.0/stm32cubeide/plugins/com.st.stm32cube.ide.mcu.externaltools.gnu-tools-for-stm32.9-2020-q2-update.win32_2.0.0.202105311346/tools/bin/../lib/gcc/arm-none-eabi/9.3.1/../../../../arm-none-eabi/lib/thumb/v7-m/nofp\libc_nano.a
LOAD d:/micro controller lab/tool/stm32cubeide/stm32cubeide_1.7.0/stm32cubeide/plugins/com.st.stm32cube.ide.mcu.externaltools.gnu-tools-for-stm32.9-2020-q2-update.win32_2.0.0.202105311346/tools/bin/../lib/gcc/arm-none-eabi/9.3.1/../../../../arm-none-eabi/lib/thumb/v7-m/nofp\libm.a
END GROUP
START GROUP
LOAD d:/micro controller lab/tool/stm32cubeide/stm32cubeide_1.7.0/stm32cubeide/plugins/com.st.stm32cube.ide.mcu.externaltools.gnu-tools-for-stm32.9-2020-q2-update.win32_2.0.0.202105311346/tools/bin/../lib/gcc/arm-none-eabi/9.3.1/thumb/v7-m/nofp\libgcc.a
LOAD d:/micro controller lab/tool/stm32cubeide/stm32cubeide_1.7.0/stm32cubeide/plugins/com.st.stm32cube.ide.mcu.externaltools.gnu-tools-for-stm32.9-2020-q2-update.win32_2.0.0.202105311346/tools/bin/../lib/gcc/arm-none-eabi/9.3.1/../../../../arm-none-eabi/lib/thumb/v7-m/nofp\libc_nano.a
END GROUP
START GROUP
LOAD d:/micro controller lab/tool/stm32cubeide/stm32cubeide_1.7.0/stm32cubeide/plugins/com.st.stm32cube.ide.mcu.externaltools.gnu-tools-for-stm32.9-2020-q2-update.win32_2.0.0.202105311346/tools/bin/../lib/gcc/arm-none-eabi/9.3.1/thumb/v7-m/nofp\libgcc.a
LOAD d:/micro controller lab/tool/stm32cubeide/stm32cubeide_1.7.0/stm32cubeide/plugins/com.st.stm32cube.ide.mcu.externaltools.gnu-tools-for-stm32.9-2020-q2-update.win32_2.0.0.202105311346/tools/bin/../lib/gcc/arm-none-eabi/9.3.1/../../../../arm-none-eabi/lib/thumb/v7-m/nofp\libc_nano.a
LOAD d:/micro controller lab/tool/stm32cubeide/stm32cubeide_1.7.0/stm32cubeide/plugins/com.st.stm32cube.ide.mcu.externaltools.gnu-tools-for-stm32.9-2020-q2-update.win32_2.0.0.202105311346/tools/bin/../lib/gcc/arm-none-eabi/9.3.1/../../../../arm-none-eabi/lib/thumb/v7-m/nofp\libnosys.a
END GROUP
START GROUP
LOAD d:/micro controller lab/tool/stm32cubeide/stm32cubeide_1.7.0/stm32cubeide/plugins/com.st.stm32cube.ide.mcu.externaltools.gnu-tools-for-stm32.9-2020-q2-update.win32_2.0.0.202105311346/tools/bin/../lib/gcc/arm-none-eabi/9.3.1/thumb/v7-m/nofp\libgcc.a
LOAD d:/micro controller lab/tool/stm32cubeide/stm32cubeide_1.7.0/stm32cubeide/plugins/com.st.stm32cube.ide.mcu.externaltools.gnu-tools-for-stm32.9-2020-q2-update.win32_2.0.0.202105311346/tools/bin/../lib/gcc/arm-none-eabi/9.3.1/../../../../arm-none-eabi/lib/thumb/v7-m/nofp\libc_nano.a
LOAD d:/micro controller lab/tool/stm32cubeide/stm32cubeide_1.7.0/stm32cubeide/plugins/com.st.stm32cube.ide.mcu.externaltools.gnu-tools-for-stm32.9-2020-q2-update.win32_2.0.0.202105311346/tools/bin/../lib/gcc/arm-none-eabi/9.3.1/../../../../arm-none-eabi/lib/thumb/v7-m/nofp\libnosys.a
END GROUP
LOAD d:/micro controller lab/tool/stm32cubeide/stm32cubeide_1.7.0/stm32cubeide/plugins/com.st.stm32cube.ide.mcu.externaltools.gnu-tools-for-stm32.9-2020-q2-update.win32_2.0.0.202105311346/tools/bin/../lib/gcc/arm-none-eabi/9.3.1/thumb/v7-m/nofp/crtend.o
LOAD d:/micro controller lab/tool/stm32cubeide/stm32cubeide_1.7.0/stm32cubeide/plugins/com.st.stm32cube.ide.mcu.externaltools.gnu-tools-for-stm32.9-2020-q2-update.win32_2.0.0.202105311346/tools/bin/../lib/gcc/arm-none-eabi/9.3.1/thumb/v7-m/nofp/crtn.o
                0x0000000020005000                _estack = (ORIGIN (RAM) + LENGTH (RAM))
                0x0000000000000200                _Min_Heap_Size = 0x200
                0x0000000000000400                _Min_Stack_Size = 0x400

.isr_vector     0x0000000008000000      0x10c
                0x0000000008000000                . = ALIGN (0x4)
 *(.isr_vector)
 .isr_vector    0x0000000008000000      0x10c ./Core/Startup/startup_stm32f103rbtx.o
                0x0000000008000000                g_pfnVectors
                0x000000000800010c                . = ALIGN (0x4)

.text           0x000000000800010c     0x3dc8
                0x000000000800010c                . = ALIGN (0x4)
 *(.text)
 .text          0x000000000800010c       0x40 d:/micro controller lab/tool/stm32cubeide/stm32cubeide_1.7.0/stm32cubeide/plugins/com.st.stm32cube.ide.mcu.externaltools.gnu-tools-for-stm32.9-2020-q2-update.win32_2.0.0.202105311346/tools/bin/../lib/gcc/arm-none-eabi/9.3.1/thumb/v7-m/nofp/crtbegin.o
 *(.text*)
 .text.button_reading
                0x000000000800014c      0x190 ./Core/Src/button_reading.o
                0x000000000800014c                button_reading
 .text.display_traffic_light
                0x00000000080002dc      0x238 ./Core/Src/display_traffic_light.o
                0x00000000080002dc                display_traffic_light
 .text.FSM_Pedestrian
                0x0000000008000514      0x100 ./Core/Src/fsm_pedestrian.o
                0x0000000008000514                FSM_Pedestrian
 .text.resetAllButtonState
                0x0000000008000614       0x34 ./Core/Src/fsm_traffic_light.o
                0x0000000008000614                resetAllButtonState
 .text.changeTime
                0x0000000008000648       0x28 ./Core/Src/fsm_traffic_light.o
                0x0000000008000648                changeTime
 .text.FSM_Traffic_Light_Row
                0x0000000008000670      0x4cc ./Core/Src/fsm_traffic_light.o
                0x0000000008000670                FSM_Traffic_Light_Row
 .text.FSM_Traffic_Light_Col
                0x0000000008000b3c      0x118 ./Core/Src/fsm_traffic_light.o
                0x0000000008000b3c                FSM_Traffic_Light_Col
 .text.HAL_UART_RxCpltCallback
                0x0000000008000c54       0x3c ./Core/Src/main.o
                0x0000000008000c54                HAL_UART_RxCpltCallback
 .text.FSM_Buzzer
                0x0000000008000c90      0x124 ./Core/Src/main.o
                0x0000000008000c90                FSM_Buzzer
 .text.main     0x0000000008000db4       0x54 ./Core/Src/main.o
                0x0000000008000db4                main
 .text.SystemClock_Config
                0x0000000008000e08       0x82 ./Core/Src/main.o
                0x0000000008000e08                SystemClock_Config
 *fill*         0x0000000008000e8a        0x2 
 .text.MX_TIM2_Init
                0x0000000008000e8c       0x98 ./Core/Src/main.o
 .text.MX_TIM3_Init
                0x0000000008000f24       0xec ./Core/Src/main.o
 .text.MX_USART2_UART_Init
                0x0000000008001010       0x54 ./Core/Src/main.o
 .text.MX_GPIO_Init
                0x0000000008001064       0xdc ./Core/Src/main.o
 .text.HAL_TIM_PeriodElapsedCallback
                0x0000000008001140       0x18 ./Core/Src/main.o
                0x0000000008001140                HAL_TIM_PeriodElapsedCallback
 .text.Error_Handler
                0x0000000008001158        0xa ./Core/Src/main.o
                0x0000000008001158                Error_Handler
 *fill*         0x0000000008001162        0x2 
 .text.HAL_MspInit
                0x0000000008001164       0x64 ./Core/Src/stm32f1xx_hal_msp.o
                0x0000000008001164                HAL_MspInit
 .text.HAL_TIM_Base_MspInit
                0x00000000080011c8       0x70 ./Core/Src/stm32f1xx_hal_msp.o
                0x00000000080011c8                HAL_TIM_Base_MspInit
 .text.HAL_TIM_MspPostInit
                0x0000000008001238       0x64 ./Core/Src/stm32f1xx_hal_msp.o
                0x0000000008001238                HAL_TIM_MspPostInit
 .text.HAL_UART_MspInit
                0x000000000800129c       0xa4 ./Core/Src/stm32f1xx_hal_msp.o
                0x000000000800129c                HAL_UART_MspInit
 .text.NMI_Handler
                0x0000000008001340        0x6 ./Core/Src/stm32f1xx_it.o
                0x0000000008001340                NMI_Handler
 .text.HardFault_Handler
                0x0000000008001346        0x6 ./Core/Src/stm32f1xx_it.o
                0x0000000008001346                HardFault_Handler
 .text.MemManage_Handler
                0x000000000800134c        0x6 ./Core/Src/stm32f1xx_it.o
                0x000000000800134c                MemManage_Handler
 .text.BusFault_Handler
                0x0000000008001352        0x6 ./Core/Src/stm32f1xx_it.o
                0x0000000008001352                BusFault_Handler
 .text.UsageFault_Handler
                0x0000000008001358        0x6 ./Core/Src/stm32f1xx_it.o
                0x0000000008001358                UsageFault_Handler
 .text.SVC_Handler
                0x000000000800135e        0xc ./Core/Src/stm32f1xx_it.o
                0x000000000800135e                SVC_Handler
 .text.DebugMon_Handler
                0x000000000800136a        0xc ./Core/Src/stm32f1xx_it.o
                0x000000000800136a                DebugMon_Handler
 .text.PendSV_Handler
                0x0000000008001376        0xc ./Core/Src/stm32f1xx_it.o
                0x0000000008001376                PendSV_Handler
 .text.SysTick_Handler
                0x0000000008001382        0xc ./Core/Src/stm32f1xx_it.o
                0x0000000008001382                SysTick_Handler
 *fill*         0x000000000800138e        0x2 
 .text.TIM2_IRQHandler
                0x0000000008001390       0x14 ./Core/Src/stm32f1xx_it.o
                0x0000000008001390                TIM2_IRQHandler
 .text.USART2_IRQHandler
                0x00000000080013a4       0x14 ./Core/Src/stm32f1xx_it.o
                0x00000000080013a4                USART2_IRQHandler
 .text.SystemInit
                0x00000000080013b8        0xc ./Core/Src/system_stm32f1xx.o
                0x00000000080013b8                SystemInit
 .text.setTimer1
                0x00000000080013c4       0x28 ./Core/Src/timer.o
                0x00000000080013c4                setTimer1
 .text.setTimer2
                0x00000000080013ec       0x28 ./Core/Src/timer.o
                0x00000000080013ec                setTimer2
 .text.setTimer3
                0x0000000008001414       0x28 ./Core/Src/timer.o
                0x0000000008001414                setTimer3
 .text.setTimer4
                0x000000000800143c       0x28 ./Core/Src/timer.o
                0x000000000800143c                setTimer4
 .text.timerRun
                0x0000000008001464       0xac ./Core/Src/timer.o
                0x0000000008001464                timerRun
 .text.Reset_Handler
                0x0000000008001510       0x48 ./Core/Startup/startup_stm32f103rbtx.o
                0x0000000008001510                Reset_Handler
 .text.Default_Handler
                0x0000000008001558        0x2 ./Core/Startup/startup_stm32f103rbtx.o
                0x0000000008001558                RTC_Alarm_IRQHandler
                0x0000000008001558                EXTI2_IRQHandler
                0x0000000008001558                TIM1_CC_IRQHandler
                0x0000000008001558                PVD_IRQHandler
                0x0000000008001558                EXTI3_IRQHandler
                0x0000000008001558                EXTI0_IRQHandler
                0x0000000008001558                I2C2_EV_IRQHandler
                0x0000000008001558                ADC1_2_IRQHandler
                0x0000000008001558                SPI1_IRQHandler
                0x0000000008001558                TAMPER_IRQHandler
                0x0000000008001558                DMA1_Channel4_IRQHandler
                0x0000000008001558                USART3_IRQHandler
                0x0000000008001558                RTC_IRQHandler
                0x0000000008001558                DMA1_Channel7_IRQHandler
                0x0000000008001558                CAN1_RX1_IRQHandler
                0x0000000008001558                TIM4_IRQHandler
                0x0000000008001558                I2C1_EV_IRQHandler
                0x0000000008001558                DMA1_Channel6_IRQHandler
                0x0000000008001558                TIM3_IRQHandler
                0x0000000008001558                RCC_IRQHandler
                0x0000000008001558                TIM1_TRG_COM_IRQHandler
                0x0000000008001558                DMA1_Channel1_IRQHandler
                0x0000000008001558                Default_Handler
                0x0000000008001558                EXTI15_10_IRQHandler
                0x0000000008001558                EXTI9_5_IRQHandler
                0x0000000008001558                SPI2_IRQHandler
                0x0000000008001558                DMA1_Channel5_IRQHandler
                0x0000000008001558                EXTI4_IRQHandler
                0x0000000008001558                USB_LP_CAN1_RX0_IRQHandler
                0x0000000008001558                USB_HP_CAN1_TX_IRQHandler
                0x0000000008001558                DMA1_Channel3_IRQHandler
                0x0000000008001558                TIM1_UP_IRQHandler
                0x0000000008001558                WWDG_IRQHandler
                0x0000000008001558                TIM1_BRK_IRQHandler
                0x0000000008001558                EXTI1_IRQHandler
                0x0000000008001558                I2C2_ER_IRQHandler
                0x0000000008001558                DMA1_Channel2_IRQHandler
                0x0000000008001558                CAN1_SCE_IRQHandler
                0x0000000008001558                FLASH_IRQHandler
                0x0000000008001558                USART1_IRQHandler
                0x0000000008001558                I2C1_ER_IRQHandler
                0x0000000008001558                USBWakeUp_IRQHandler
 *fill*         0x000000000800155a        0x2 
 .text.HAL_Init
                0x000000000800155c       0x2c ./Drivers/STM32F1xx_HAL_Driver/Src/stm32f1xx_hal.o
                0x000000000800155c                HAL_Init
 .text.HAL_InitTick
                0x0000000008001588       0x60 ./Drivers/STM32F1xx_HAL_Driver/Src/stm32f1xx_hal.o
                0x0000000008001588                HAL_InitTick
 .text.HAL_IncTick
                0x00000000080015e8       0x24 ./Drivers/STM32F1xx_HAL_Driver/Src/stm32f1xx_hal.o
                0x00000000080015e8                HAL_IncTick
 .text.HAL_GetTick
                0x000000000800160c       0x14 ./Drivers/STM32F1xx_HAL_Driver/Src/stm32f1xx_hal.o
                0x000000000800160c                HAL_GetTick
 .text.__NVIC_SetPriorityGrouping
                0x0000000008001620       0x48 ./Drivers/STM32F1xx_HAL_Driver/Src/stm32f1xx_hal_cortex.o
 .text.__NVIC_GetPriorityGrouping
                0x0000000008001668       0x1c ./Drivers/STM32F1xx_HAL_Driver/Src/stm32f1xx_hal_cortex.o
 .text.__NVIC_EnableIRQ
                0x0000000008001684       0x38 ./Drivers/STM32F1xx_HAL_Driver/Src/stm32f1xx_hal_cortex.o
 .text.__NVIC_SetPriority
                0x00000000080016bc       0x54 ./Drivers/STM32F1xx_HAL_Driver/Src/stm32f1xx_hal_cortex.o
 .text.NVIC_EncodePriority
                0x0000000008001710       0x64 ./Drivers/STM32F1xx_HAL_Driver/Src/stm32f1xx_hal_cortex.o
 .text.SysTick_Config
                0x0000000008001774       0x44 ./Drivers/STM32F1xx_HAL_Driver/Src/stm32f1xx_hal_cortex.o
 .text.HAL_NVIC_SetPriorityGrouping
                0x00000000080017b8       0x16 ./Drivers/STM32F1xx_HAL_Driver/Src/stm32f1xx_hal_cortex.o
                0x00000000080017b8                HAL_NVIC_SetPriorityGrouping
 .text.HAL_NVIC_SetPriority
                0x00000000080017ce       0x38 ./Drivers/STM32F1xx_HAL_Driver/Src/stm32f1xx_hal_cortex.o
                0x00000000080017ce                HAL_NVIC_SetPriority
 .text.HAL_NVIC_EnableIRQ
                0x0000000008001806       0x1c ./Drivers/STM32F1xx_HAL_Driver/Src/stm32f1xx_hal_cortex.o
                0x0000000008001806                HAL_NVIC_EnableIRQ
 .text.HAL_SYSTICK_Config
                0x0000000008001822       0x18 ./Drivers/STM32F1xx_HAL_Driver/Src/stm32f1xx_hal_cortex.o
                0x0000000008001822                HAL_SYSTICK_Config
 .text.HAL_DMA_Abort
                0x000000000800183a       0x74 ./Drivers/STM32F1xx_HAL_Driver/Src/stm32f1xx_hal_dma.o
                0x000000000800183a                HAL_DMA_Abort
 *fill*         0x00000000080018ae        0x2 
 .text.HAL_DMA_Abort_IT
                0x00000000080018b0       0xec ./Drivers/STM32F1xx_HAL_Driver/Src/stm32f1xx_hal_dma.o
                0x00000000080018b0                HAL_DMA_Abort_IT
 .text.HAL_GPIO_Init
                0x000000000800199c      0x308 ./Drivers/STM32F1xx_HAL_Driver/Src/stm32f1xx_hal_gpio.o
                0x000000000800199c                HAL_GPIO_Init
 .text.HAL_GPIO_ReadPin
                0x0000000008001ca4       0x2e ./Drivers/STM32F1xx_HAL_Driver/Src/stm32f1xx_hal_gpio.o
                0x0000000008001ca4                HAL_GPIO_ReadPin
 .text.HAL_GPIO_WritePin
                0x0000000008001cd2       0x30 ./Drivers/STM32F1xx_HAL_Driver/Src/stm32f1xx_hal_gpio.o
                0x0000000008001cd2                HAL_GPIO_WritePin
 *fill*         0x0000000008001d02        0x2 
 .text.HAL_RCC_OscConfig
                0x0000000008001d04      0x500 ./Drivers/STM32F1xx_HAL_Driver/Src/stm32f1xx_hal_rcc.o
                0x0000000008001d04                HAL_RCC_OscConfig
 .text.HAL_RCC_ClockConfig
                0x0000000008002204      0x1d4 ./Drivers/STM32F1xx_HAL_Driver/Src/stm32f1xx_hal_rcc.o
                0x0000000008002204                HAL_RCC_ClockConfig
 .text.HAL_RCC_GetSysClockFreq
                0x00000000080023d8       0xc0 ./Drivers/STM32F1xx_HAL_Driver/Src/stm32f1xx_hal_rcc.o
                0x00000000080023d8                HAL_RCC_GetSysClockFreq
 .text.HAL_RCC_GetHCLKFreq
                0x0000000008002498       0x14 ./Drivers/STM32F1xx_HAL_Driver/Src/stm32f1xx_hal_rcc.o
                0x0000000008002498                HAL_RCC_GetHCLKFreq
 .text.HAL_RCC_GetPCLK1Freq
                0x00000000080024ac       0x28 ./Drivers/STM32F1xx_HAL_Driver/Src/stm32f1xx_hal_rcc.o
                0x00000000080024ac                HAL_RCC_GetPCLK1Freq
 .text.HAL_RCC_GetPCLK2Freq
                0x00000000080024d4       0x28 ./Drivers/STM32F1xx_HAL_Driver/Src/stm32f1xx_hal_rcc.o
                0x00000000080024d4                HAL_RCC_GetPCLK2Freq
 .text.RCC_Delay
                0x00000000080024fc       0x3c ./Drivers/STM32F1xx_HAL_Driver/Src/stm32f1xx_hal_rcc.o
 .text.HAL_TIM_Base_Init
                0x0000000008002538       0x9e ./Drivers/STM32F1xx_HAL_Driver/Src/stm32f1xx_hal_tim.o
                0x0000000008002538                HAL_TIM_Base_Init
 *fill*         0x00000000080025d6        0x2 
 .text.HAL_TIM_Base_Start_IT
                0x00000000080025d8       0xa4 ./Drivers/STM32F1xx_HAL_Driver/Src/stm32f1xx_hal_tim.o
                0x00000000080025d8                HAL_TIM_Base_Start_IT
 .text.HAL_TIM_PWM_Init
                0x000000000800267c       0x9e ./Drivers/STM32F1xx_HAL_Driver/Src/stm32f1xx_hal_tim.o
                0x000000000800267c                HAL_TIM_PWM_Init
 .text.HAL_TIM_PWM_MspInit
                0x000000000800271a       0x12 ./Drivers/STM32F1xx_HAL_Driver/Src/stm32f1xx_hal_tim.o
                0x000000000800271a                HAL_TIM_PWM_MspInit
 .text.HAL_TIM_PWM_Start
                0x000000000800272c      0x144 ./Drivers/STM32F1xx_HAL_Driver/Src/stm32f1xx_hal_tim.o
                0x000000000800272c                HAL_TIM_PWM_Start
 .text.HAL_TIM_IRQHandler
                0x0000000008002870      0x210 ./Drivers/STM32F1xx_HAL_Driver/Src/stm32f1xx_hal_tim.o
                0x0000000008002870                HAL_TIM_IRQHandler
 .text.HAL_TIM_PWM_ConfigChannel
                0x0000000008002a80      0x17c ./Drivers/STM32F1xx_HAL_Driver/Src/stm32f1xx_hal_tim.o
                0x0000000008002a80                HAL_TIM_PWM_ConfigChannel
 .text.HAL_TIM_ConfigClockSource
                0x0000000008002bfc      0x188 ./Drivers/STM32F1xx_HAL_Driver/Src/stm32f1xx_hal_tim.o
                0x0000000008002bfc                HAL_TIM_ConfigClockSource
 .text.HAL_TIM_OC_DelayElapsedCallback
                0x0000000008002d84       0x12 ./Drivers/STM32F1xx_HAL_Driver/Src/stm32f1xx_hal_tim.o
                0x0000000008002d84                HAL_TIM_OC_DelayElapsedCallback
 .text.HAL_TIM_IC_CaptureCallback
                0x0000000008002d96       0x12 ./Drivers/STM32F1xx_HAL_Driver/Src/stm32f1xx_hal_tim.o
                0x0000000008002d96                HAL_TIM_IC_CaptureCallback
 .text.HAL_TIM_PWM_PulseFinishedCallback
                0x0000000008002da8       0x12 ./Drivers/STM32F1xx_HAL_Driver/Src/stm32f1xx_hal_tim.o
                0x0000000008002da8                HAL_TIM_PWM_PulseFinishedCallback
 .text.HAL_TIM_TriggerCallback
                0x0000000008002dba       0x12 ./Drivers/STM32F1xx_HAL_Driver/Src/stm32f1xx_hal_tim.o
                0x0000000008002dba                HAL_TIM_TriggerCallback
 .text.TIM_Base_SetConfig
                0x0000000008002dcc       0xc4 ./Drivers/STM32F1xx_HAL_Driver/Src/stm32f1xx_hal_tim.o
                0x0000000008002dcc                TIM_Base_SetConfig
 .text.TIM_OC1_SetConfig
                0x0000000008002e90       0xcc ./Drivers/STM32F1xx_HAL_Driver/Src/stm32f1xx_hal_tim.o
 .text.TIM_OC2_SetConfig
                0x0000000008002f5c       0xd4 ./Drivers/STM32F1xx_HAL_Driver/Src/stm32f1xx_hal_tim.o
                0x0000000008002f5c                TIM_OC2_SetConfig
 .text.TIM_OC3_SetConfig
                0x0000000008003030       0xd4 ./Drivers/STM32F1xx_HAL_Driver/Src/stm32f1xx_hal_tim.o
 .text.TIM_OC4_SetConfig
                0x0000000008003104       0x9c ./Drivers/STM32F1xx_HAL_Driver/Src/stm32f1xx_hal_tim.o
 .text.TIM_TI1_ConfigInputStage
                0x00000000080031a0       0x5c ./Drivers/STM32F1xx_HAL_Driver/Src/stm32f1xx_hal_tim.o
 .text.TIM_TI2_ConfigInputStage
                0x00000000080031fc       0x5e ./Drivers/STM32F1xx_HAL_Driver/Src/stm32f1xx_hal_tim.o
 .text.TIM_ITRx_SetConfig
                0x000000000800325a       0x34 ./Drivers/STM32F1xx_HAL_Driver/Src/stm32f1xx_hal_tim.o
 .text.TIM_ETR_SetConfig
                0x000000000800328e       0x3e ./Drivers/STM32F1xx_HAL_Driver/Src/stm32f1xx_hal_tim.o
                0x000000000800328e                TIM_ETR_SetConfig
 .text.TIM_CCxChannelCmd
                0x00000000080032cc       0x48 ./Drivers/STM32F1xx_HAL_Driver/Src/stm32f1xx_hal_tim.o
                0x00000000080032cc                TIM_CCxChannelCmd
 .text.HAL_TIMEx_MasterConfigSynchronization
                0x0000000008003314       0xbc ./Drivers/STM32F1xx_HAL_Driver/Src/stm32f1xx_hal_tim_ex.o
                0x0000000008003314                HAL_TIMEx_MasterConfigSynchronization
 .text.HAL_TIMEx_CommutCallback
                0x00000000080033d0       0x12 ./Drivers/STM32F1xx_HAL_Driver/Src/stm32f1xx_hal_tim_ex.o
                0x00000000080033d0                HAL_TIMEx_CommutCallback
 .text.HAL_TIMEx_BreakCallback
                0x00000000080033e2       0x12 ./Drivers/STM32F1xx_HAL_Driver/Src/stm32f1xx_hal_tim_ex.o
                0x00000000080033e2                HAL_TIMEx_BreakCallback
 .text.HAL_UART_Init
                0x00000000080033f4       0x9a ./Drivers/STM32F1xx_HAL_Driver/Src/stm32f1xx_hal_uart.o
                0x00000000080033f4                HAL_UART_Init
 .text.HAL_UART_Transmit
                0x000000000800348e      0x124 ./Drivers/STM32F1xx_HAL_Driver/Src/stm32f1xx_hal_uart.o
                0x000000000800348e                HAL_UART_Transmit
 .text.HAL_UART_Receive_IT
                0x00000000080035b2       0x60 ./Drivers/STM32F1xx_HAL_Driver/Src/stm32f1xx_hal_uart.o
                0x00000000080035b2                HAL_UART_Receive_IT
 *fill*         0x0000000008003612        0x2 
 .text.HAL_UART_IRQHandler
                0x0000000008003614      0x354 ./Drivers/STM32F1xx_HAL_Driver/Src/stm32f1xx_hal_uart.o
                0x0000000008003614                HAL_UART_IRQHandler
 .text.HAL_UART_TxCpltCallback
                0x0000000008003968       0x12 ./Drivers/STM32F1xx_HAL_Driver/Src/stm32f1xx_hal_uart.o
                0x0000000008003968                HAL_UART_TxCpltCallback
 .text.HAL_UART_ErrorCallback
                0x000000000800397a       0x12 ./Drivers/STM32F1xx_HAL_Driver/Src/stm32f1xx_hal_uart.o
                0x000000000800397a                HAL_UART_ErrorCallback
 .text.HAL_UARTEx_RxEventCallback
                0x000000000800398c       0x16 ./Drivers/STM32F1xx_HAL_Driver/Src/stm32f1xx_hal_uart.o
                0x000000000800398c                HAL_UARTEx_RxEventCallback
 .text.UART_WaitOnFlagUntilTimeout
                0x00000000080039a2       0x94 ./Drivers/STM32F1xx_HAL_Driver/Src/stm32f1xx_hal_uart.o
 .text.UART_Start_Receive_IT
                0x0000000008003a36       0x72 ./Drivers/STM32F1xx_HAL_Driver/Src/stm32f1xx_hal_uart.o
                0x0000000008003a36                UART_Start_Receive_IT
 .text.UART_EndRxTransfer
                0x0000000008003aa8       0x58 ./Drivers/STM32F1xx_HAL_Driver/Src/stm32f1xx_hal_uart.o
 .text.UART_DMAAbortOnError
                0x0000000008003b00       0x28 ./Drivers/STM32F1xx_HAL_Driver/Src/stm32f1xx_hal_uart.o
 .text.UART_Transmit_IT
                0x0000000008003b28       0x9e ./Drivers/STM32F1xx_HAL_Driver/Src/stm32f1xx_hal_uart.o
 .text.UART_EndTransmit_IT
                0x0000000008003bc6       0x30 ./Drivers/STM32F1xx_HAL_Driver/Src/stm32f1xx_hal_uart.o
 .text.UART_Receive_IT
                0x0000000008003bf6      0x152 ./Drivers/STM32F1xx_HAL_Driver/Src/stm32f1xx_hal_uart.o
 .text.UART_SetConfig
                0x0000000008003d48      0x11c ./Drivers/STM32F1xx_HAL_Driver/Src/stm32f1xx_hal_uart.o
 .text.__libc_init_array
                0x0000000008003e64       0x48 d:/micro controller lab/tool/stm32cubeide/stm32cubeide_1.7.0/stm32cubeide/plugins/com.st.stm32cube.ide.mcu.externaltools.gnu-tools-for-stm32.9-2020-q2-update.win32_2.0.0.202105311346/tools/bin/../lib/gcc/arm-none-eabi/9.3.1/../../../../arm-none-eabi/lib/thumb/v7-m/nofp\libc_nano.a(lib_a-init.o)
                0x0000000008003e64                __libc_init_array
 .text.memset   0x0000000008003eac       0x10 d:/micro controller lab/tool/stm32cubeide/stm32cubeide_1.7.0/stm32cubeide/plugins/com.st.stm32cube.ide.mcu.externaltools.gnu-tools-for-stm32.9-2020-q2-update.win32_2.0.0.202105311346/tools/bin/../lib/gcc/arm-none-eabi/9.3.1/../../../../arm-none-eabi/lib/thumb/v7-m/nofp\libc_nano.a(lib_a-memset.o)
                0x0000000008003eac                memset
 *(.glue_7)
 .glue_7        0x0000000008003ebc        0x0 linker stubs
 *(.glue_7t)
 .glue_7t       0x0000000008003ebc        0x0 linker stubs
 *(.eh_frame)
 .eh_frame      0x0000000008003ebc        0x0 d:/micro controller lab/tool/stm32cubeide/stm32cubeide_1.7.0/stm32cubeide/plugins/com.st.stm32cube.ide.mcu.externaltools.gnu-tools-for-stm32.9-2020-q2-update.win32_2.0.0.202105311346/tools/bin/../lib/gcc/arm-none-eabi/9.3.1/thumb/v7-m/nofp/crtbegin.o
 *(.init)
 .init          0x0000000008003ebc        0x4 d:/micro controller lab/tool/stm32cubeide/stm32cubeide_1.7.0/stm32cubeide/plugins/com.st.stm32cube.ide.mcu.externaltools.gnu-tools-for-stm32.9-2020-q2-update.win32_2.0.0.202105311346/tools/bin/../lib/gcc/arm-none-eabi/9.3.1/thumb/v7-m/nofp/crti.o
                0x0000000008003ebc                _init
 .init          0x0000000008003ec0        0x8 d:/micro controller lab/tool/stm32cubeide/stm32cubeide_1.7.0/stm32cubeide/plugins/com.st.stm32cube.ide.mcu.externaltools.gnu-tools-for-stm32.9-2020-q2-update.win32_2.0.0.202105311346/tools/bin/../lib/gcc/arm-none-eabi/9.3.1/thumb/v7-m/nofp/crtn.o
 *(.fini)
 .fini          0x0000000008003ec8        0x4 d:/micro controller lab/tool/stm32cubeide/stm32cubeide_1.7.0/stm32cubeide/plugins/com.st.stm32cube.ide.mcu.externaltools.gnu-tools-for-stm32.9-2020-q2-update.win32_2.0.0.202105311346/tools/bin/../lib/gcc/arm-none-eabi/9.3.1/thumb/v7-m/nofp/crti.o
                0x0000000008003ec8                _fini
 .fini          0x0000000008003ecc        0x8 d:/micro controller lab/tool/stm32cubeide/stm32cubeide_1.7.0/stm32cubeide/plugins/com.st.stm32cube.ide.mcu.externaltools.gnu-tools-for-stm32.9-2020-q2-update.win32_2.0.0.202105311346/tools/bin/../lib/gcc/arm-none-eabi/9.3.1/thumb/v7-m/nofp/crtn.o
                0x0000000008003ed4                . = ALIGN (0x4)
                0x0000000008003ed4                _etext = .

.vfp11_veneer   0x0000000008003ed4        0x0
 .vfp11_veneer  0x0000000008003ed4        0x0 linker stubs

.v4_bx          0x0000000008003ed4        0x0
 .v4_bx         0x0000000008003ed4        0x0 linker stubs

.iplt           0x0000000008003ed4        0x0
 .iplt          0x0000000008003ed4        0x0 d:/micro controller lab/tool/stm32cubeide/stm32cubeide_1.7.0/stm32cubeide/plugins/com.st.stm32cube.ide.mcu.externaltools.gnu-tools-for-stm32.9-2020-q2-update.win32_2.0.0.202105311346/tools/bin/../lib/gcc/arm-none-eabi/9.3.1/thumb/v7-m/nofp/crtbegin.o

.rodata         0x0000000008003ed4       0x28
                0x0000000008003ed4                . = ALIGN (0x4)
 *(.rodata)
 .rodata        0x0000000008003ed4       0x10 ./Drivers/STM32F1xx_HAL_Driver/Src/stm32f1xx_hal_rcc.o
 *(.rodata*)
 .rodata.AHBPrescTable
                0x0000000008003ee4       0x10 ./Core/Src/system_stm32f1xx.o
                0x0000000008003ee4                AHBPrescTable
 .rodata.APBPrescTable
                0x0000000008003ef4        0x8 ./Core/Src/system_stm32f1xx.o
                0x0000000008003ef4                APBPrescTable
                0x0000000008003efc                . = ALIGN (0x4)

.rel.dyn        0x0000000008003efc        0x0
 .rel.iplt      0x0000000008003efc        0x0 d:/micro controller lab/tool/stm32cubeide/stm32cubeide_1.7.0/stm32cubeide/plugins/com.st.stm32cube.ide.mcu.externaltools.gnu-tools-for-stm32.9-2020-q2-update.win32_2.0.0.202105311346/tools/bin/../lib/gcc/arm-none-eabi/9.3.1/thumb/v7-m/nofp/crtbegin.o

.ARM.extab      0x0000000008003efc        0x0
                0x0000000008003efc                . = ALIGN (0x4)
 *(.ARM.extab* .gnu.linkonce.armextab.*)
                0x0000000008003efc                . = ALIGN (0x4)

.ARM            0x0000000008003efc        0x0
                0x0000000008003efc                . = ALIGN (0x4)
                0x0000000008003efc                __exidx_start = .
 *(.ARM.exidx*)
                0x0000000008003efc                __exidx_end = .
                0x0000000008003efc                . = ALIGN (0x4)

.preinit_array  0x0000000008003efc        0x0
                0x0000000008003efc                . = ALIGN (0x4)
                0x0000000008003efc                PROVIDE (__preinit_array_start = .)
 *(.preinit_array*)
                0x0000000008003efc                PROVIDE (__preinit_array_end = .)
                0x0000000008003efc                . = ALIGN (0x4)

.init_array     0x0000000008003efc        0x4
                0x0000000008003efc                . = ALIGN (0x4)
                0x0000000008003efc                PROVIDE (__init_array_start = .)
 *(SORT_BY_NAME(.init_array.*))
 *(.init_array*)
 .init_array    0x0000000008003efc        0x4 d:/micro controller lab/tool/stm32cubeide/stm32cubeide_1.7.0/stm32cubeide/plugins/com.st.stm32cube.ide.mcu.externaltools.gnu-tools-for-stm32.9-2020-q2-update.win32_2.0.0.202105311346/tools/bin/../lib/gcc/arm-none-eabi/9.3.1/thumb/v7-m/nofp/crtbegin.o
                0x0000000008003f00                PROVIDE (__init_array_end = .)
                0x0000000008003f00                . = ALIGN (0x4)

.fini_array     0x0000000008003f00        0x4
                0x0000000008003f00                . = ALIGN (0x4)
                [!provide]                        PROVIDE (__fini_array_start = .)
 *(SORT_BY_NAME(.fini_array.*))
 *(.fini_array*)
 .fini_array    0x0000000008003f00        0x4 d:/micro controller lab/tool/stm32cubeide/stm32cubeide_1.7.0/stm32cubeide/plugins/com.st.stm32cube.ide.mcu.externaltools.gnu-tools-for-stm32.9-2020-q2-update.win32_2.0.0.202105311346/tools/bin/../lib/gcc/arm-none-eabi/9.3.1/thumb/v7-m/nofp/crtbegin.o
                [!provide]                        PROVIDE (__fini_array_end = .)
                0x0000000008003f04                . = ALIGN (0x4)
                0x0000000008003f04                _sidata = LOADADDR (.data)

.data           0x0000000020000000       0x38 load address 0x0000000008003f04
                0x0000000020000000                . = ALIGN (0x4)
                0x0000000020000000                _sdata = .
 *(.data)
 *(.data*)
 .data.TimerForKeyPress
                0x0000000020000000        0x4 ./Core/Src/button_reading.o
                0x0000000020000000                TimerForKeyPress
 .data.INPUT_BUTTON
                0x0000000020000004        0x8 ./Core/Src/global.o
                0x0000000020000004                INPUT_BUTTON
 .data.FSM_Traffic_Light_State_Col
                0x000000002000000c        0x4 ./Core/Src/global.o
                0x000000002000000c                FSM_Traffic_Light_State_Col
 .data.Increase_Duty_Cycle
                0x0000000020000010        0x4 ./Core/Src/global.o
                0x0000000020000010                Increase_Duty_Cycle
 .data.Increase_Speed
                0x0000000020000014        0x4 ./Core/Src/global.o
                0x0000000020000014                Increase_Speed
 .data.red_time
                0x0000000020000018        0x4 ./Core/Src/global.o
                0x0000000020000018                red_time
 .data.green_time
                0x000000002000001c        0x4 ./Core/Src/global.o
                0x000000002000001c                green_time
 .data.yellow_time
                0x0000000020000020        0x4 ./Core/Src/global.o
                0x0000000020000020                yellow_time
 .data.traffic_light_remain_time_row
                0x0000000020000024        0x4 ./Core/Src/global.o
                0x0000000020000024                traffic_light_remain_time_row
 .data.traffic_light_remain_time_col
                0x0000000020000028        0x4 ./Core/Src/global.o
                0x0000000020000028                traffic_light_remain_time_col
 .data.SystemCoreClock
                0x000000002000002c        0x4 ./Core/Src/system_stm32f1xx.o
                0x000000002000002c                SystemCoreClock
 .data.uwTickPrio
                0x0000000020000030        0x4 ./Drivers/STM32F1xx_HAL_Driver/Src/stm32f1xx_hal.o
                0x0000000020000030                uwTickPrio
 .data.uwTickFreq
                0x0000000020000034        0x1 ./Drivers/STM32F1xx_HAL_Driver/Src/stm32f1xx_hal.o
                0x0000000020000034                uwTickFreq
 *(.RamFunc)
 *(.RamFunc*)
                0x0000000020000038                . = ALIGN (0x4)
 *fill*         0x0000000020000035        0x3 
                0x0000000020000038                _edata = .

.igot.plt       0x0000000020000038        0x0 load address 0x0000000008003f3c
 .igot.plt      0x0000000020000038        0x0 d:/micro controller lab/tool/stm32cubeide/stm32cubeide_1.7.0/stm32cubeide/plugins/com.st.stm32cube.ide.mcu.externaltools.gnu-tools-for-stm32.9-2020-q2-update.win32_2.0.0.202105311346/tools/bin/../lib/gcc/arm-none-eabi/9.3.1/thumb/v7-m/nofp/crtbegin.o
                0x0000000020000038                . = ALIGN (0x4)

.bss            0x0000000020000038      0x140 load address 0x0000000008003f3c
                0x0000000020000038                _sbss = .
                0x0000000020000038                __bss_start__ = _sbss
 *(.bss)
 .bss           0x0000000020000038       0x1c d:/micro controller lab/tool/stm32cubeide/stm32cubeide_1.7.0/stm32cubeide/plugins/com.st.stm32cube.ide.mcu.externaltools.gnu-tools-for-stm32.9-2020-q2-update.win32_2.0.0.202105311346/tools/bin/../lib/gcc/arm-none-eabi/9.3.1/thumb/v7-m/nofp/crtbegin.o
 *(.bss*)
 .bss.Reg3      0x0000000020000054        0x4 ./Core/Src/button_reading.o
 .bss.Reg0      0x0000000020000058        0x4 ./Core/Src/button_reading.o
 .bss.Reg1      0x000000002000005c        0x4 ./Core/Src/button_reading.o
 .bss.Reg2      0x0000000020000060        0x4 ./Core/Src/button_reading.o
 .bss.To_Default_State
                0x0000000020000064        0x4 ./Core/Src/fsm_traffic_light.o
                0x0000000020000064                To_Default_State
 .bss.buttonPressed_flag
                0x0000000020000068        0x4 ./Core/Src/global.o
                0x0000000020000068                buttonPressed_flag
 .bss.FSM_Traffic_Light_State_Row
                0x000000002000006c        0x4 ./Core/Src/global.o
                0x000000002000006c                FSM_Traffic_Light_State_Row
 .bss.FSM_Pedestrian_State
                0x0000000020000070        0x4 ./Core/Src/global.o
                0x0000000020000070                FSM_Pedestrian_State
 .bss.FSM_Buzzer_State
                0x0000000020000074        0x4 ./Core/Src/global.o
                0x0000000020000074                FSM_Buzzer_State
 .bss.timer1Counter
                0x0000000020000078        0x4 ./Core/Src/global.o
                0x0000000020000078                timer1Counter
 .bss.timer1Flag
                0x000000002000007c        0x4 ./Core/Src/global.o
                0x000000002000007c                timer1Flag
 .bss.timer2Counter
                0x0000000020000080        0x4 ./Core/Src/global.o
                0x0000000020000080                timer2Counter
 .bss.timer2Flag
                0x0000000020000084        0x4 ./Core/Src/global.o
                0x0000000020000084                timer2Flag
 .bss.timer3Counter
                0x0000000020000088        0x4 ./Core/Src/global.o
                0x0000000020000088                timer3Counter
 .bss.timer3Flag
                0x000000002000008c        0x4 ./Core/Src/global.o
                0x000000002000008c                timer3Flag
 .bss.timer4Counter
                0x0000000020000090        0x4 ./Core/Src/global.o
                0x0000000020000090                timer4Counter
 .bss.timer4Flag
                0x0000000020000094        0x4 ./Core/Src/global.o
                0x0000000020000094                timer4Flag
 .bss.Set_TL_Time
                0x0000000020000098        0x4 ./Core/Src/global.o
                0x0000000020000098                Set_TL_Time
 .bss.temp      0x000000002000009c        0x1 ./Core/Src/main.o
                0x000000002000009c                temp
 *(COMMON)
 *fill*         0x000000002000009d        0x3 
 COMMON         0x00000000200000a0       0xd4 ./Core/Src/main.o
                0x00000000200000a0                htim3
                0x00000000200000e8                htim2
                0x0000000020000130                huart2
 COMMON         0x0000000020000174        0x4 ./Drivers/STM32F1xx_HAL_Driver/Src/stm32f1xx_hal.o
                0x0000000020000174                uwTick
                0x0000000020000178                . = ALIGN (0x4)
                0x0000000020000178                _ebss = .
                0x0000000020000178                __bss_end__ = _ebss

._user_heap_stack
                0x0000000020000178      0x600 load address 0x0000000008003f3c
                0x0000000020000178                . = ALIGN (0x8)
                [!provide]                        PROVIDE (end = .)
                0x0000000020000178                PROVIDE (_end = .)
                0x0000000020000378                . = (. + _Min_Heap_Size)
 *fill*         0x0000000020000178      0x200 
                0x0000000020000778                . = (. + _Min_Stack_Size)
 *fill*         0x0000000020000378      0x400 
                0x0000000020000778                . = ALIGN (0x8)

/DISCARD/
 libc.a(*)
 libm.a(*)
 libgcc.a(*)

.ARM.attributes
                0x0000000000000000       0x29
 *(.ARM.attributes)
 .ARM.attributes
                0x0000000000000000       0x1d d:/micro controller lab/tool/stm32cubeide/stm32cubeide_1.7.0/stm32cubeide/plugins/com.st.stm32cube.ide.mcu.externaltools.gnu-tools-for-stm32.9-2020-q2-update.win32_2.0.0.202105311346/tools/bin/../lib/gcc/arm-none-eabi/9.3.1/thumb/v7-m/nofp/crti.o
 .ARM.attributes
                0x000000000000001d       0x2d d:/micro controller lab/tool/stm32cubeide/stm32cubeide_1.7.0/stm32cubeide/plugins/com.st.stm32cube.ide.mcu.externaltools.gnu-tools-for-stm32.9-2020-q2-update.win32_2.0.0.202105311346/tools/bin/../lib/gcc/arm-none-eabi/9.3.1/thumb/v7-m/nofp/crtbegin.o
 .ARM.attributes
                0x000000000000004a       0x2d ./Core/Src/button_reading.o
 .ARM.attributes
                0x0000000000000077       0x2d ./Core/Src/display_traffic_light.o
 .ARM.attributes
                0x00000000000000a4       0x2d ./Core/Src/fsm_pedestrian.o
 .ARM.attributes
                0x00000000000000d1       0x2d ./Core/Src/fsm_traffic_light.o
 .ARM.attributes
                0x00000000000000fe       0x33 ./Core/Src/global.o
 .ARM.attributes
                0x0000000000000131       0x2d ./Core/Src/main.o
 .ARM.attributes
                0x000000000000015e       0x2d ./Core/Src/stm32f1xx_hal_msp.o
 .ARM.attributes
                0x000000000000018b       0x2d ./Core/Src/stm32f1xx_it.o
 .ARM.attributes
                0x00000000000001b8       0x2d ./Core/Src/system_stm32f1xx.o
 .ARM.attributes
                0x00000000000001e5       0x2d ./Core/Src/timer.o
 .ARM.attributes
                0x0000000000000212       0x21 ./Core/Startup/startup_stm32f103rbtx.o
 .ARM.attributes
                0x0000000000000233       0x2d ./Drivers/STM32F1xx_HAL_Driver/Src/stm32f1xx_hal.o
 .ARM.attributes
                0x0000000000000260       0x2d ./Drivers/STM32F1xx_HAL_Driver/Src/stm32f1xx_hal_cortex.o
 .ARM.attributes
                0x000000000000028d       0x2d ./Drivers/STM32F1xx_HAL_Driver/Src/stm32f1xx_hal_dma.o
 .ARM.attributes
                0x00000000000002ba       0x2d ./Drivers/STM32F1xx_HAL_Driver/Src/stm32f1xx_hal_gpio.o
 .ARM.attributes
                0x00000000000002e7       0x2d ./Drivers/STM32F1xx_HAL_Driver/Src/stm32f1xx_hal_rcc.o
 .ARM.attributes
                0x0000000000000314       0x2d ./Drivers/STM32F1xx_HAL_Driver/Src/stm32f1xx_hal_tim.o
 .ARM.attributes
                0x0000000000000341       0x2d ./Drivers/STM32F1xx_HAL_Driver/Src/stm32f1xx_hal_tim_ex.o
 .ARM.attributes
                0x000000000000036e       0x2d ./Drivers/STM32F1xx_HAL_Driver/Src/stm32f1xx_hal_uart.o
 .ARM.attributes
                0x000000000000039b       0x2d d:/micro controller lab/tool/stm32cubeide/stm32cubeide_1.7.0/stm32cubeide/plugins/com.st.stm32cube.ide.mcu.externaltools.gnu-tools-for-stm32.9-2020-q2-update.win32_2.0.0.202105311346/tools/bin/../lib/gcc/arm-none-eabi/9.3.1/../../../../arm-none-eabi/lib/thumb/v7-m/nofp\libc_nano.a(lib_a-init.o)
 .ARM.attributes
                0x00000000000003c8       0x2d d:/micro controller lab/tool/stm32cubeide/stm32cubeide_1.7.0/stm32cubeide/plugins/com.st.stm32cube.ide.mcu.externaltools.gnu-tools-for-stm32.9-2020-q2-update.win32_2.0.0.202105311346/tools/bin/../lib/gcc/arm-none-eabi/9.3.1/../../../../arm-none-eabi/lib/thumb/v7-m/nofp\libc_nano.a(lib_a-memset.o)
 .ARM.attributes
                0x00000000000003f5       0x1d d:/micro controller lab/tool/stm32cubeide/stm32cubeide_1.7.0/stm32cubeide/plugins/com.st.stm32cube.ide.mcu.externaltools.gnu-tools-for-stm32.9-2020-q2-update.win32_2.0.0.202105311346/tools/bin/../lib/gcc/arm-none-eabi/9.3.1/thumb/v7-m/nofp/crtn.o
OUTPUT(Assignment.elf elf32-littlearm)
LOAD linker stubs
LOAD d:/micro controller lab/tool/stm32cubeide/stm32cubeide_1.7.0/stm32cubeide/plugins/com.st.stm32cube.ide.mcu.externaltools.gnu-tools-for-stm32.9-2020-q2-update.win32_2.0.0.202105311346/tools/bin/../lib/gcc/arm-none-eabi/9.3.1/../../../../arm-none-eabi/lib/thumb/v7-m/nofp\libc.a
LOAD d:/micro controller lab/tool/stm32cubeide/stm32cubeide_1.7.0/stm32cubeide/plugins/com.st.stm32cube.ide.mcu.externaltools.gnu-tools-for-stm32.9-2020-q2-update.win32_2.0.0.202105311346/tools/bin/../lib/gcc/arm-none-eabi/9.3.1/../../../../arm-none-eabi/lib/thumb/v7-m/nofp\libm.a
LOAD d:/micro controller lab/tool/stm32cubeide/stm32cubeide_1.7.0/stm32cubeide/plugins/com.st.stm32cube.ide.mcu.externaltools.gnu-tools-for-stm32.9-2020-q2-update.win32_2.0.0.202105311346/tools/bin/../lib/gcc/arm-none-eabi/9.3.1/thumb/v7-m/nofp\libgcc.a

.debug_info     0x0000000000000000     0xc3c8
 .debug_info    0x0000000000000000      0x48b ./Core/Src/button_reading.o
 .debug_info    0x000000000000048b      0x3fd ./Core/Src/display_traffic_light.o
 .debug_info    0x0000000000000888      0x3fd ./Core/Src/fsm_pedestrian.o
 .debug_info    0x0000000000000c85      0x3c9 ./Core/Src/fsm_traffic_light.o
 .debug_info    0x000000000000104e      0x34e ./Core/Src/global.o
 .debug_info    0x000000000000139c     0x10cf ./Core/Src/main.o
 .debug_info    0x000000000000246b      0xe38 ./Core/Src/stm32f1xx_hal_msp.o
 .debug_info    0x00000000000032a3      0xa22 ./Core/Src/stm32f1xx_it.o
 .debug_info    0x0000000000003cc5      0x2be ./Core/Src/system_stm32f1xx.o
 .debug_info    0x0000000000003f83      0x3fc ./Core/Src/timer.o
 .debug_info    0x000000000000437f       0x22 ./Core/Startup/startup_stm32f103rbtx.o
 .debug_info    0x00000000000043a1      0x76a ./Drivers/STM32F1xx_HAL_Driver/Src/stm32f1xx_hal.o
 .debug_info    0x0000000000004b0b      0xbdc ./Drivers/STM32F1xx_HAL_Driver/Src/stm32f1xx_hal_cortex.o
 .debug_info    0x00000000000056e7      0x81e ./Drivers/STM32F1xx_HAL_Driver/Src/stm32f1xx_hal_dma.o
 .debug_info    0x0000000000005f05      0x701 ./Drivers/STM32F1xx_HAL_Driver/Src/stm32f1xx_hal_gpio.o
 .debug_info    0x0000000000006606      0x88e ./Drivers/STM32F1xx_HAL_Driver/Src/stm32f1xx_hal_rcc.o
 .debug_info    0x0000000000006e94     0x2a45 ./Drivers/STM32F1xx_HAL_Driver/Src/stm32f1xx_hal_tim.o
 .debug_info    0x00000000000098d9     0x14d5 ./Drivers/STM32F1xx_HAL_Driver/Src/stm32f1xx_hal_tim_ex.o
 .debug_info    0x000000000000adae     0x161a ./Drivers/STM32F1xx_HAL_Driver/Src/stm32f1xx_hal_uart.o

.debug_abbrev   0x0000000000000000     0x204c
 .debug_abbrev  0x0000000000000000      0x136 ./Core/Src/button_reading.o
 .debug_abbrev  0x0000000000000136      0x112 ./Core/Src/display_traffic_light.o
 .debug_abbrev  0x0000000000000248      0x112 ./Core/Src/fsm_pedestrian.o
 .debug_abbrev  0x000000000000035a      0x12b ./Core/Src/fsm_traffic_light.o
 .debug_abbrev  0x0000000000000485       0xad ./Core/Src/global.o
 .debug_abbrev  0x0000000000000532      0x29a ./Core/Src/main.o
 .debug_abbrev  0x00000000000007cc      0x1c8 ./Core/Src/stm32f1xx_hal_msp.o
 .debug_abbrev  0x0000000000000994      0x176 ./Core/Src/stm32f1xx_it.o
 .debug_abbrev  0x0000000000000b0a      0x14e ./Core/Src/system_stm32f1xx.o
 .debug_abbrev  0x0000000000000c58      0x110 ./Core/Src/timer.o
 .debug_abbrev  0x0000000000000d68       0x12 ./Core/Startup/startup_stm32f103rbtx.o
 .debug_abbrev  0x0000000000000d7a      0x1ed ./Drivers/STM32F1xx_HAL_Driver/Src/stm32f1xx_hal.o
 .debug_abbrev  0x0000000000000f67      0x313 ./Drivers/STM32F1xx_HAL_Driver/Src/stm32f1xx_hal_cortex.o
 .debug_abbrev  0x000000000000127a      0x228 ./Drivers/STM32F1xx_HAL_Driver/Src/stm32f1xx_hal_dma.o
 .debug_abbrev  0x00000000000014a2      0x1e8 ./Drivers/STM32F1xx_HAL_Driver/Src/stm32f1xx_hal_gpio.o
 .debug_abbrev  0x000000000000168a      0x273 ./Drivers/STM32F1xx_HAL_Driver/Src/stm32f1xx_hal_rcc.o
 .debug_abbrev  0x00000000000018fd      0x25e ./Drivers/STM32F1xx_HAL_Driver/Src/stm32f1xx_hal_tim.o
 .debug_abbrev  0x0000000000001b5b      0x266 ./Drivers/STM32F1xx_HAL_Driver/Src/stm32f1xx_hal_tim_ex.o
 .debug_abbrev  0x0000000000001dc1      0x28b ./Drivers/STM32F1xx_HAL_Driver/Src/stm32f1xx_hal_uart.o

.debug_aranges  0x0000000000000000      0xce0
 .debug_aranges
                0x0000000000000000       0x20 ./Core/Src/button_reading.o
 .debug_aranges
                0x0000000000000020       0x20 ./Core/Src/display_traffic_light.o
 .debug_aranges
                0x0000000000000040       0x20 ./Core/Src/fsm_pedestrian.o
 .debug_aranges
                0x0000000000000060       0x38 ./Core/Src/fsm_traffic_light.o
 .debug_aranges
                0x0000000000000098       0x18 ./Core/Src/global.o
 .debug_aranges
                0x00000000000000b0       0x68 ./Core/Src/main.o
 .debug_aranges
                0x0000000000000118       0x48 ./Core/Src/stm32f1xx_hal_msp.o
 .debug_aranges
                0x0000000000000160       0x70 ./Core/Src/stm32f1xx_it.o
 .debug_aranges
                0x00000000000001d0       0x28 ./Core/Src/system_stm32f1xx.o
 .debug_aranges
                0x00000000000001f8       0x40 ./Core/Src/timer.o
 .debug_aranges
                0x0000000000000238       0x28 ./Core/Startup/startup_stm32f103rbtx.o
 .debug_aranges
                0x0000000000000260       0xe0 ./Drivers/STM32F1xx_HAL_Driver/Src/stm32f1xx_hal.o
 .debug_aranges
                0x0000000000000340      0x100 ./Drivers/STM32F1xx_HAL_Driver/Src/stm32f1xx_hal_cortex.o
 .debug_aranges
                0x0000000000000440       0x80 ./Drivers/STM32F1xx_HAL_Driver/Src/stm32f1xx_hal_dma.o
 .debug_aranges
                0x00000000000004c0       0x58 ./Drivers/STM32F1xx_HAL_Driver/Src/stm32f1xx_hal_gpio.o
 .debug_aranges
                0x0000000000000518       0x90 ./Drivers/STM32F1xx_HAL_Driver/Src/stm32f1xx_hal_rcc.o
 .debug_aranges
                0x00000000000005a8      0x3d0 ./Drivers/STM32F1xx_HAL_Driver/Src/stm32f1xx_hal_tim.o
 .debug_aranges
                0x0000000000000978      0x168 ./Drivers/STM32F1xx_HAL_Driver/Src/stm32f1xx_hal_tim_ex.o
 .debug_aranges
                0x0000000000000ae0      0x200 ./Drivers/STM32F1xx_HAL_Driver/Src/stm32f1xx_hal_uart.o

.debug_ranges   0x0000000000000000      0xbe0
 .debug_ranges  0x0000000000000000       0x10 ./Core/Src/button_reading.o
 .debug_ranges  0x0000000000000010       0x10 ./Core/Src/display_traffic_light.o
 .debug_ranges  0x0000000000000020       0x10 ./Core/Src/fsm_pedestrian.o
 .debug_ranges  0x0000000000000030       0x28 ./Core/Src/fsm_traffic_light.o
 .debug_ranges  0x0000000000000058       0x58 ./Core/Src/main.o
 .debug_ranges  0x00000000000000b0       0x38 ./Core/Src/stm32f1xx_hal_msp.o
 .debug_ranges  0x00000000000000e8       0x60 ./Core/Src/stm32f1xx_it.o
 .debug_ranges  0x0000000000000148       0x18 ./Core/Src/system_stm32f1xx.o
 .debug_ranges  0x0000000000000160       0x30 ./Core/Src/timer.o
 .debug_ranges  0x0000000000000190       0x20 ./Core/Startup/startup_stm32f103rbtx.o
 .debug_ranges  0x00000000000001b0       0xd0 ./Drivers/STM32F1xx_HAL_Driver/Src/stm32f1xx_hal.o
 .debug_ranges  0x0000000000000280       0xf0 ./Drivers/STM32F1xx_HAL_Driver/Src/stm32f1xx_hal_cortex.o
 .debug_ranges  0x0000000000000370       0x70 ./Drivers/STM32F1xx_HAL_Driver/Src/stm32f1xx_hal_dma.o
 .debug_ranges  0x00000000000003e0       0x48 ./Drivers/STM32F1xx_HAL_Driver/Src/stm32f1xx_hal_gpio.o
 .debug_ranges  0x0000000000000428       0x80 ./Drivers/STM32F1xx_HAL_Driver/Src/stm32f1xx_hal_rcc.o
 .debug_ranges  0x00000000000004a8      0x3c0 ./Drivers/STM32F1xx_HAL_Driver/Src/stm32f1xx_hal_tim.o
 .debug_ranges  0x0000000000000868      0x158 ./Drivers/STM32F1xx_HAL_Driver/Src/stm32f1xx_hal_tim_ex.o
 .debug_ranges  0x00000000000009c0      0x220 ./Drivers/STM32F1xx_HAL_Driver/Src/stm32f1xx_hal_uart.o

.debug_macro    0x0000000000000000    0x1787f
 .debug_macro   0x0000000000000000      0x1d0 ./Core/Src/button_reading.o
 .debug_macro   0x00000000000001d0      0xa9c ./Core/Src/button_reading.o
 .debug_macro   0x0000000000000c6c      0x21b ./Core/Src/button_reading.o
 .debug_macro   0x0000000000000e87       0x2e ./Core/Src/button_reading.o
 .debug_macro   0x0000000000000eb5       0x22 ./Core/Src/button_reading.o
 .debug_macro   0x0000000000000ed7       0x22 ./Core/Src/button_reading.o
 .debug_macro   0x0000000000000ef9       0x8e ./Core/Src/button_reading.o
 .debug_macro   0x0000000000000f87       0x51 ./Core/Src/button_reading.o
 .debug_macro   0x0000000000000fd8      0x103 ./Core/Src/button_reading.o
 .debug_macro   0x00000000000010db       0x6a ./Core/Src/button_reading.o
 .debug_macro   0x0000000000001145      0x1df ./Core/Src/button_reading.o
 .debug_macro   0x0000000000001324       0x1c ./Core/Src/button_reading.o
 .debug_macro   0x0000000000001340       0x22 ./Core/Src/button_reading.o
 .debug_macro   0x0000000000001362       0xc3 ./Core/Src/button_reading.o
 .debug_macro   0x0000000000001425      0xd23 ./Core/Src/button_reading.o
 .debug_macro   0x0000000000002148     0xe09e ./Core/Src/button_reading.o
 .debug_macro   0x00000000000101e6       0x6d ./Core/Src/button_reading.o
 .debug_macro   0x0000000000010253     0x3468 ./Core/Src/button_reading.o
 .debug_macro   0x00000000000136bb      0x174 ./Core/Src/button_reading.o
 .debug_macro   0x000000000001382f       0x5c ./Core/Src/button_reading.o
 .debug_macro   0x000000000001388b      0x5be ./Core/Src/button_reading.o
 .debug_macro   0x0000000000013e49      0x289 ./Core/Src/button_reading.o
 .debug_macro   0x00000000000140d2      0x1cb ./Core/Src/button_reading.o
 .debug_macro   0x000000000001429d      0x114 ./Core/Src/button_reading.o
 .debug_macro   0x00000000000143b1      0x1b2 ./Core/Src/button_reading.o
 .debug_macro   0x0000000000014563       0x27 ./Core/Src/button_reading.o
 .debug_macro   0x000000000001458a      0x136 ./Core/Src/button_reading.o
 .debug_macro   0x00000000000146c0      0x1bc ./Core/Src/button_reading.o
 .debug_macro   0x000000000001487c       0x34 ./Core/Src/button_reading.o
 .debug_macro   0x00000000000148b0       0x3c ./Core/Src/button_reading.o
 .debug_macro   0x00000000000148ec       0x57 ./Core/Src/button_reading.o
 .debug_macro   0x0000000000014943       0x88 ./Core/Src/button_reading.o
 .debug_macro   0x00000000000149cb      0x241 ./Core/Src/button_reading.o
 .debug_macro   0x0000000000014c0c      0x141 ./Core/Src/button_reading.o
 .debug_macro   0x0000000000014d4d      0x8d1 ./Core/Src/button_reading.o
 .debug_macro   0x000000000001561e      0x279 ./Core/Src/button_reading.o
 .debug_macro   0x0000000000015897       0x83 ./Core/Src/button_reading.o
 .debug_macro   0x000000000001591a       0x7c ./Core/Src/button_reading.o
 .debug_macro   0x0000000000015996       0x8e ./Core/Src/button_reading.o
 .debug_macro   0x0000000000015a24       0x10 ./Core/Src/button_reading.o
 .debug_macro   0x0000000000015a34      0x1cb ./Core/Src/display_traffic_light.o
 .debug_macro   0x0000000000015bff      0x1c9 ./Core/Src/fsm_pedestrian.o
 .debug_macro   0x0000000000015dc8       0x94 ./Core/Src/fsm_pedestrian.o
 .debug_macro   0x0000000000015e5c      0x1cf ./Core/Src/fsm_traffic_light.o
 .debug_macro   0x000000000001602b      0x1c1 ./Core/Src/global.o
 .debug_macro   0x00000000000161ec      0x202 ./Core/Src/main.o
 .debug_macro   0x00000000000163ee      0x1b2 ./Core/Src/stm32f1xx_hal_msp.o
 .debug_macro   0x00000000000165a0      0x1bc ./Core/Src/stm32f1xx_it.o
 .debug_macro   0x000000000001675c      0x1a3 ./Core/Src/system_stm32f1xx.o
 .debug_macro   0x00000000000168ff      0x1c5 ./Core/Src/timer.o
 .debug_macro   0x0000000000016ac4      0x1c7 ./Drivers/STM32F1xx_HAL_Driver/Src/stm32f1xx_hal.o
 .debug_macro   0x0000000000016c8b      0x1a3 ./Drivers/STM32F1xx_HAL_Driver/Src/stm32f1xx_hal_cortex.o
 .debug_macro   0x0000000000016e2e      0x1a3 ./Drivers/STM32F1xx_HAL_Driver/Src/stm32f1xx_hal_dma.o
 .debug_macro   0x0000000000016fd1      0x20e ./Drivers/STM32F1xx_HAL_Driver/Src/stm32f1xx_hal_gpio.o
 .debug_macro   0x00000000000171df      0x1b5 ./Drivers/STM32F1xx_HAL_Driver/Src/stm32f1xx_hal_rcc.o
 .debug_macro   0x0000000000017394      0x1a4 ./Drivers/STM32F1xx_HAL_Driver/Src/stm32f1xx_hal_tim.o
 .debug_macro   0x0000000000017538      0x1a3 ./Drivers/STM32F1xx_HAL_Driver/Src/stm32f1xx_hal_tim_ex.o
 .debug_macro   0x00000000000176db      0x1a4 ./Drivers/STM32F1xx_HAL_Driver/Src/stm32f1xx_hal_uart.o

.debug_line     0x0000000000000000     0xfe09
 .debug_line    0x0000000000000000      0x842 ./Core/Src/button_reading.o
 .debug_line    0x0000000000000842      0x802 ./Core/Src/display_traffic_light.o
 .debug_line    0x0000000000001044      0x80d ./Core/Src/fsm_pedestrian.o
 .debug_line    0x0000000000001851      0xad2 ./Core/Src/fsm_traffic_light.o
 .debug_line    0x0000000000002323      0x782 ./Core/Src/global.o
 .debug_line    0x0000000000002aa5      0xab9 ./Core/Src/main.o
 .debug_line    0x000000000000355e      0x877 ./Core/Src/stm32f1xx_hal_msp.o
 .debug_line    0x0000000000003dd5      0x88c ./Core/Src/stm32f1xx_it.o
 .debug_line    0x0000000000004661      0x818 ./Core/Src/system_stm32f1xx.o
 .debug_line    0x0000000000004e79      0x850 ./Core/Src/timer.o
 .debug_line    0x00000000000056c9       0x87 ./Core/Startup/startup_stm32f103rbtx.o
 .debug_line    0x0000000000005750      0xa45 ./Drivers/STM32F1xx_HAL_Driver/Src/stm32f1xx_hal.o
 .debug_line    0x0000000000006195      0xc2d ./Drivers/STM32F1xx_HAL_Driver/Src/stm32f1xx_hal_cortex.o
 .debug_line    0x0000000000006dc2      0xe9d ./Drivers/STM32F1xx_HAL_Driver/Src/stm32f1xx_hal_dma.o
 .debug_line    0x0000000000007c5f      0xadc ./Drivers/STM32F1xx_HAL_Driver/Src/stm32f1xx_hal_gpio.o
 .debug_line    0x000000000000873b      0xe53 ./Drivers/STM32F1xx_HAL_Driver/Src/stm32f1xx_hal_rcc.o
 .debug_line    0x000000000000958e     0x33ee ./Drivers/STM32F1xx_HAL_Driver/Src/stm32f1xx_hal_tim.o
 .debug_line    0x000000000000c97c     0x196d ./Drivers/STM32F1xx_HAL_Driver/Src/stm32f1xx_hal_tim_ex.o
 .debug_line    0x000000000000e2e9     0x1b20 ./Drivers/STM32F1xx_HAL_Driver/Src/stm32f1xx_hal_uart.o

.debug_str      0x0000000000000000    0x86b8d
 .debug_str     0x0000000000000000    0x83650 ./Core/Src/button_reading.o
                                      0x8398c (size before relaxing)
 .debug_str     0x0000000000083650       0x58 ./Core/Src/display_traffic_light.o
                                      0x83943 (size before relaxing)
 .debug_str     0x00000000000836a8       0x43 ./Core/Src/fsm_pedestrian.o
                                      0x8392e (size before relaxing)
 .debug_str     0x00000000000836eb       0x96 ./Core/Src/fsm_traffic_light.o
                                      0x83964 (size before relaxing)
 .debug_str     0x0000000000083781       0x15 ./Core/Src/global.o
                                      0x838e3 (size before relaxing)
 .debug_str     0x0000000000083796      0x95c ./Core/Src/main.o
                                      0x843a1 (size before relaxing)
 .debug_str     0x00000000000840f2      0x32c ./Core/Src/stm32f1xx_hal_msp.o
                                      0x840b2 (size before relaxing)
 .debug_str     0x000000000008441e       0xdf ./Core/Src/stm32f1xx_it.o
                                      0x83d6d (size before relaxing)
 .debug_str     0x00000000000844fd       0x52 ./Core/Src/system_stm32f1xx.o
                                      0x8344d (size before relaxing)
 .debug_str     0x000000000008454f       0x4e ./Core/Src/timer.o
                                      0x8391c (size before relaxing)
 .debug_str     0x000000000008459d       0x36 ./Core/Startup/startup_stm32f103rbtx.o
                                         0x69 (size before relaxing)
 .debug_str     0x00000000000845d3      0x304 ./Drivers/STM32F1xx_HAL_Driver/Src/stm32f1xx_hal.o
                                      0x83ade (size before relaxing)
 .debug_str     0x00000000000848d7      0x300 ./Drivers/STM32F1xx_HAL_Driver/Src/stm32f1xx_hal_cortex.o
                                      0x83ae6 (size before relaxing)
 .debug_str     0x0000000000084bd7      0x230 ./Drivers/STM32F1xx_HAL_Driver/Src/stm32f1xx_hal_dma.o
                                      0x83828 (size before relaxing)
 .debug_str     0x0000000000084e07      0x311 ./Drivers/STM32F1xx_HAL_Driver/Src/stm32f1xx_hal_gpio.o
                                      0x83811 (size before relaxing)
 .debug_str     0x0000000000085118      0x24f ./Drivers/STM32F1xx_HAL_Driver/Src/stm32f1xx_hal_rcc.o
                                      0x8384a (size before relaxing)
 .debug_str     0x0000000000085367      0xd68 ./Drivers/STM32F1xx_HAL_Driver/Src/stm32f1xx_hal_tim.o
                                      0x8481c (size before relaxing)
 .debug_str     0x00000000000860cf      0x4ee ./Drivers/STM32F1xx_HAL_Driver/Src/stm32f1xx_hal_tim_ex.o
                                      0x83fcd (size before relaxing)
 .debug_str     0x00000000000865bd      0x5d0 ./Drivers/STM32F1xx_HAL_Driver/Src/stm32f1xx_hal_uart.o
                                      0x83e3c (size before relaxing)

.comment        0x0000000000000000       0x53
 .comment       0x0000000000000000       0x53 ./Core/Src/button_reading.o
                                         0x54 (size before relaxing)
 .comment       0x0000000000000053       0x54 ./Core/Src/display_traffic_light.o
 .comment       0x0000000000000053       0x54 ./Core/Src/fsm_pedestrian.o
 .comment       0x0000000000000053       0x54 ./Core/Src/fsm_traffic_light.o
 .comment       0x0000000000000053       0x54 ./Core/Src/global.o
 .comment       0x0000000000000053       0x54 ./Core/Src/main.o
 .comment       0x0000000000000053       0x54 ./Core/Src/stm32f1xx_hal_msp.o
 .comment       0x0000000000000053       0x54 ./Core/Src/stm32f1xx_it.o
 .comment       0x0000000000000053       0x54 ./Core/Src/system_stm32f1xx.o
 .comment       0x0000000000000053       0x54 ./Core/Src/timer.o
 .comment       0x0000000000000053       0x54 ./Drivers/STM32F1xx_HAL_Driver/Src/stm32f1xx_hal.o
 .comment       0x0000000000000053       0x54 ./Drivers/STM32F1xx_HAL_Driver/Src/stm32f1xx_hal_cortex.o
 .comment       0x0000000000000053       0x54 ./Drivers/STM32F1xx_HAL_Driver/Src/stm32f1xx_hal_dma.o
 .comment       0x0000000000000053       0x54 ./Drivers/STM32F1xx_HAL_Driver/Src/stm32f1xx_hal_gpio.o
 .comment       0x0000000000000053       0x54 ./Drivers/STM32F1xx_HAL_Driver/Src/stm32f1xx_hal_rcc.o
 .comment       0x0000000000000053       0x54 ./Drivers/STM32F1xx_HAL_Driver/Src/stm32f1xx_hal_tim.o
 .comment       0x0000000000000053       0x54 ./Drivers/STM32F1xx_HAL_Driver/Src/stm32f1xx_hal_tim_ex.o
 .comment       0x0000000000000053       0x54 ./Drivers/STM32F1xx_HAL_Driver/Src/stm32f1xx_hal_uart.o

.debug_frame    0x0000000000000000     0x33dc
 .debug_frame   0x0000000000000000       0x34 ./Core/Src/button_reading.o
 .debug_frame   0x0000000000000034       0x2c ./Core/Src/display_traffic_light.o
 .debug_frame   0x0000000000000060       0x2c ./Core/Src/fsm_pedestrian.o
 .debug_frame   0x000000000000008c       0x90 ./Core/Src/fsm_traffic_light.o
 .debug_frame   0x000000000000011c      0x154 ./Core/Src/main.o
 .debug_frame   0x0000000000000270       0xec ./Core/Src/stm32f1xx_hal_msp.o
 .debug_frame   0x000000000000035c      0x13c ./Core/Src/stm32f1xx_it.o
 .debug_frame   0x0000000000000498       0x58 ./Core/Src/system_stm32f1xx.o
 .debug_frame   0x00000000000004f0       0xd0 ./Core/Src/timer.o
 .debug_frame   0x00000000000005c0      0x334 ./Drivers/STM32F1xx_HAL_Driver/Src/stm32f1xx_hal.o
 .debug_frame   0x00000000000008f4      0x428 ./Drivers/STM32F1xx_HAL_Driver/Src/stm32f1xx_hal_cortex.o
 .debug_frame   0x0000000000000d1c      0x208 ./Drivers/STM32F1xx_HAL_Driver/Src/stm32f1xx_hal_dma.o
 .debug_frame   0x0000000000000f24      0x14c ./Drivers/STM32F1xx_HAL_Driver/Src/stm32f1xx_hal_gpio.o
 .debug_frame   0x0000000000001070      0x21c ./Drivers/STM32F1xx_HAL_Driver/Src/stm32f1xx_hal_rcc.o
 .debug_frame   0x000000000000128c     0x11b8 ./Drivers/STM32F1xx_HAL_Driver/Src/stm32f1xx_hal_tim.o
 .debug_frame   0x0000000000002444      0x638 ./Drivers/STM32F1xx_HAL_Driver/Src/stm32f1xx_hal_tim_ex.o
 .debug_frame   0x0000000000002a7c      0x914 ./Drivers/STM32F1xx_HAL_Driver/Src/stm32f1xx_hal_uart.o
 .debug_frame   0x0000000000003390       0x2c d:/micro controller lab/tool/stm32cubeide/stm32cubeide_1.7.0/stm32cubeide/plugins/com.st.stm32cube.ide.mcu.externaltools.gnu-tools-for-stm32.9-2020-q2-update.win32_2.0.0.202105311346/tools/bin/../lib/gcc/arm-none-eabi/9.3.1/../../../../arm-none-eabi/lib/thumb/v7-m/nofp\libc_nano.a(lib_a-init.o)
 .debug_frame   0x00000000000033bc       0x20 d:/micro controller lab/tool/stm32cubeide/stm32cubeide_1.7.0/stm32cubeide/plugins/com.st.stm32cube.ide.mcu.externaltools.gnu-tools-for-stm32.9-2020-q2-update.win32_2.0.0.202105311346/tools/bin/../lib/gcc/arm-none-eabi/9.3.1/../../../../arm-none-eabi/lib/thumb/v7-m/nofp\libc_nano.a(lib_a-memset.o)
