12:38:19 **** Incremental Build of configuration Debug for project Assignment ****
make -j4 all 
arm-none-eabi-gcc "../Core/Src/buzzer.c" -mcpu=cortex-m3 -std=gnu11 -g3 -DDEBUG -DUSE_HAL_DRIVER -DSTM32F103xB -c -I../Core/Inc -I../Drivers/STM32F1xx_HAL_Driver/Inc -I../Drivers/STM32F1xx_HAL_Driver/Inc/Legacy -I../Drivers/CMSIS/Device/ST/STM32F1xx/Include -I../Drivers/CMSIS/Include -O0 -ffunction-sections -fdata-sections -Wall -fstack-usage -MMD -MP -MF"Core/Src/buzzer.d" -MT"Core/Src/buzzer.o" --specs=nano.specs -mfloat-abi=soft -mthumb -o "Core/Src/buzzer.o"
arm-none-eabi-gcc -o "Assignment.elf" @"objects.list"   -mcpu=cortex-m3 -T"F:\Minh Duc\STUDY\HCMUT\Junior\221\MPU - MCU\Assignment\MCU_Assignment\Assignment\STM32F103RBTX_FLASH.ld" --specs=nosys.specs -Wl,-Map="Assignment.map" -Wl,--gc-sections -static --specs=nano.specs -mfloat-abi=soft -mthumb -Wl,--start-group -lc -lm -Wl,--end-group
Finished building target: Assignment.elf
 
arm-none-eabi-size   Assignment.elf 
arm-none-eabi-objdump -h -S  Assignment.elf  > "Assignment.list"
arm-none-eabi-objcopy  -O ihex  Assignment.elf  "Assignment.hex"
   text	   data	    bss	    dec	    hex	filename
  18528	    160	   1920	  20608	   5080	Assignment.elf
arm-none-eabi-objcopy  -O binary  Assignment.elf  "Assignment.bin"
Finished building: default.size.stdout
 
Finished building: Assignment.bin
Finished building: Assignment.hex
 
 
Finished building: Assignment.list
 
12:38:26 **** Incremental Build of configuration Debug for project Assignment ****
make -j4 all 
arm-none-eabi-size   Assignment.elf 
   text	   data	    bss	    dec	    hex	filename
  18528	    160	   1920	  20608	   5080	Assignment.elf
Finished building: default.size.stdout
 
12:39:11 **** Incremental Build of configuration Debug for project Assignment ****
make -j4 all 
arm-none-eabi-gcc "../Core/Src/buzzer.c" -mcpu=cortex-m3 -std=gnu11 -g3 -DDEBUG -DUSE_HAL_DRIVER -DSTM32F103xB -c -I../Core/Inc -I../Drivers/STM32F1xx_HAL_Driver/Inc -I../Drivers/STM32F1xx_HAL_Driver/Inc/Legacy -I../Drivers/CMSIS/Device/ST/STM32F1xx/Include -I../Drivers/CMSIS/Include -O0 -ffunction-sections -fdata-sections -Wall -fstack-usage -MMD -MP -MF"Core/Src/buzzer.d" -MT"Core/Src/buzzer.o" --specs=nano.specs -mfloat-abi=soft -mthumb -o "Core/Src/buzzer.o"
arm-none-eabi-gcc -o "Assignment.elf" @"objects.list"   -mcpu=cortex-m3 -T"F:\Minh Duc\STUDY\HCMUT\Junior\221\MPU - MCU\Assignment\MCU_Assignment\Assignment\STM32F103RBTX_FLASH.ld" --specs=nosys.specs -Wl,-Map="Assignment.map" -Wl,--gc-sections -static --specs=nano.specs -mfloat-abi=soft -mthumb -Wl,--start-group -lc -lm -Wl,--end-group
Finished building target: Assignment.elf
 
arm-none-eabi-size   Assignment.elf 
arm-none-eabi-objdump -h -S  Assignment.elf  > "Assignment.list"
arm-none-eabi-objcopy  -O ihex  Assignment.elf  "Assignment.hex"
   text	   data	    bss	    dec	    hex	filename
  18532	    160	   1920	  20612	   5084	Assignment.elf
arm-none-eabi-objcopy  -O binary  Assignment.elf  "Assignment.bin"
Finished building: default.size.stdout
 
Finished building: Assignment.hex
Finished building: Assignment.bin
 
 
Finished building: Assignment.list
 
12:41:37 **** Incremental Build of configuration Debug for project Assignment ****
make -j4 all 
arm-none-eabi-gcc "../Core/Src/buzzer.c" -mcpu=cortex-m3 -std=gnu11 -g3 -DDEBUG -DUSE_HAL_DRIVER -DSTM32F103xB -c -I../Core/Inc -I../Drivers/STM32F1xx_HAL_Driver/Inc -I../Drivers/STM32F1xx_HAL_Driver/Inc/Legacy -I../Drivers/CMSIS/Device/ST/STM32F1xx/Include -I../Drivers/CMSIS/Include -O0 -ffunction-sections -fdata-sections -Wall -fstack-usage -MMD -MP -MF"Core/Src/buzzer.d" -MT"Core/Src/buzzer.o" --specs=nano.specs -mfloat-abi=soft -mthumb -o "Core/Src/buzzer.o"
arm-none-eabi-gcc -o "Assignment.elf" @"objects.list"   -mcpu=cortex-m3 -T"F:\Minh Duc\STUDY\HCMUT\Junior\221\MPU - MCU\Assignment\MCU_Assignment\Assignment\STM32F103RBTX_FLASH.ld" --specs=nosys.specs -Wl,-Map="Assignment.map" -Wl,--gc-sections -static --specs=nano.specs -mfloat-abi=soft -mthumb -Wl,--start-group -lc -lm -Wl,--end-group
Finished building target: Assignment.elf
 
arm-none-eabi-size   Assignment.elf 
arm-none-eabi-objdump -h -S  Assignment.elf  > "Assignment.list"
arm-none-eabi-objcopy  -O ihex  Assignment.elf  "Assignment.hex"
arm-none-eabi-objcopy  -O binary  Assignment.elf  "Assignment.bin"
   text	   data	    bss	    dec	    hex	filename
  18512	    160	   1920	  20592	   5070	Assignment.elf
Finished building: default.size.stdout
Finished building: Assignment.bin
Finished building: Assignment.hex
 
 
 
Finished building: Assignment.list
 
